# List of symbols in Python dictionary format
# Symbol: [address, total number of reads, file name]
{
	"ADD_BUCLE": [0x6E07, 2, "8BITSDEPODER_V043_001.ASM"],
	"ADD_COUNTER": [0x6DED, 4, "8BITSDEPODER_V043_001.ASM"],
	"ADD_FIN": [0x6E2B, 2, "8BITSDEPODER_V043_001.ASM"],
	"ADD_OPER": [0x6E12, 3, "8BITSDEPODER_V043_001.ASM"],
	"AJS_ALGO": [0x5C6F, 2, "8BITSDEPODER_V043_001.ASM"],
	"AJS_DX1NEG": [0x5C77, 2, "8BITSDEPODER_V043_001.ASM"],
	"AJS_DX1POS": [0x5C57, 1, "8BITSDEPODER_V043_001.ASM"],
	"AJS_DXMAYOR": [0x5C84, 2, "8BITSDEPODER_V043_001.ASM"],
	"AJS_DXMAYOR_DXPOS": [0x5C67, 2, "8BITSDEPODER_V043_001.ASM"],
	"AJS_DXMENOR255": [0x5C62, 1, "8BITSDEPODER_V043_001.ASM"],
	"AJS_FINAJUSTE": [0x5C85, 2, "8BITSDEPODER_V043_001.ASM"],
	"AJS_FINAJUSTEPOS": [0x5C87, 4, "8BITSDEPODER_V043_001.ASM"],
	"ALPHABET": [0x8354, 1, "ALPHABET_DEFAULT.ASM"],
	"ALPHA_ALTO": [0x8355, 2, "ALPHABET_DEFAULT.ASM"],
	"ALPHA_ANCHO": [0x8354, 3, "ALPHABET_DEFAULT.ASM"],
	"ALPHA_LETTERS": [0x8381, 2, "ALPHABET_DEFAULT.ASM"],
	"ALPHA_LIST": [0x8357, 2, "ALPHABET_DEFAULT.ASM"],
	"ALPHA_TAMANO": [0x8356, 2, "ALPHABET_DEFAULT.ASM"],
	"ANI_BUCLE": [0x7412, 2, "8BITSDEPODER_V043_001.ASM"],
	"ANI_CALL": [0x7418, 2, "8BITSDEPODER_V043_001.ASM"],
	"ANI_FIN": [0x7425, 2, "8BITSDEPODER_V043_001.ASM"],
	"ANI_SPID": [0xC7F7, 3, "8BITSDEPODER_V043_001.ASM"],
	"ANS_A": [0x6EC6, 3, "8BITSDEPODER_V043_001.ASM"],
	"ANS_AGAIN": [0x6EC6, 1, "8BITSDEPODER_V043_001.ASM"],
	"ANS_DIRMOV": [0xC7F6, 5, "8BITSDEPODER_V043_001.ASM"],
	"ANS_FIN": [0x6F51, 2, "8BITSDEPODER_V043_001.ASM"],
	"ANS_FIN_SEQ": [0x6F20, 3, "8BITSDEPODER_V043_001.ASM"],
	"ANS_FRAMEID": [0xC7F0, 3, "8BITSDEPODER_V043_001.ASM"],
	"ANS_MUERTE": [0x6F45, 2, "8BITSDEPODER_V043_001.ASM"],
	"ANS_NEWFRADD": [0xC7F4, 6, "8BITSDEPODER_V043_001.ASM"],
	"ANS_NEWFRAMEID": [0xC7F1, 4, "8BITSDEPODER_V043_001.ASM"],
	"ANS_NEXTFRAME": [0x6F2F, 2, "8BITSDEPODER_V043_001.ASM"],
	"ANS_NOMACRO": [0x6EE2, 2, "8BITSDEPODER_V043_001.ASM"],
	"ANS_NORMAL": [0x6F6A, 2, "8BITSDEPODER_V043_001.ASM"],
	"ANS_OTRASEQ": [0x6F59, 2, "8BITSDEPODER_V043_001.ASM"],
	"ANS_SEQADD": [0xC7F2, 3, "8BITSDEPODER_V043_001.ASM"],
	"ANS_SEQ_ID": [0xC7EF, 5, "8BITSDEPODER_V043_001.ASM"],
	"ANS_SIGUE": [0x6ECF, 3, "8BITSDEPODER_V043_001.ASM"],
	"ANS_SPADDRESS": [0xC7ED, 8, "8BITSDEPODER_V043_001.ASM"],
	"ANS_UNO": [0x6ECB, 2, "8BITSDEPODER_V043_001.ASM"],
	"ASSEMBLING_OPTION": [0x0000, 32, "MAKE_ALL_MYGAME.ASM"],
	"BEGIN_NO_TOCAR_C": [0x7869, 2, "WYZPROPLAY47C_CPC_WINAPE_V42.ASM"],
	"BGICMODBC1": [0x798C, 4, "WYZPROPLAY47C_CPC_WINAPE_V42.ASM"],
	"BGICMODBC2": [0x798E, 3, "WYZPROPLAY47C_CPC_WINAPE_V42.ASM"],
	"BG_BITS": [0x744E, 5, "8BITSDEPODER_V043_001.ASM"],
	"BG_CONFTR": [0x74A0, 6, "8BITSDEPODER_V043_001.ASM"],
	"BG_FONDO": [0x745A, 1, "8BITSDEPODER_V043_001.ASM"],
	"BG_FONDO_M0_1BITS": [0x747C, 1, "8BITSDEPODER_V043_001.ASM"],
	"BG_FONDO_M0_2BITS": [0x7480, 2, "8BITSDEPODER_V043_001.ASM"],
	"BG_FONDO_MODE0": [0x7475, 2, "8BITSDEPODER_V043_001.ASM"],
	"BG_FONDO_MODE1": [0x7471, 1, "8BITSDEPODER_V043_001.ASM"],
	"BG_NORMAL": [0x7484, 2, "8BITSDEPODER_V043_001.ASM"],
	"BG_NORMAL_M0_1BITS": [0x749A, 1, "8BITSDEPODER_V043_001.ASM"],
	"BG_NORMAL_M0_2BITS": [0x749E, 2, "8BITSDEPODER_V043_001.ASM"],
	"BG_NORMAL_M1_1BITS": [0x748B, 1, "8BITSDEPODER_V043_001.ASM"],
	"BG_NORMAL_MODE0": [0x7491, 2, "8BITSDEPODER_V043_001.ASM"],
	"BG_NORMAL_MODE1": [0x748B, 1, "8BITSDEPODER_V043_001.ASM"],
	"BG_SPRITES": [0x744F, 2, "8BITSDEPODER_V043_001.ASM"],
	"BIT2": [0x71A2, 2, "8BITSDEPODER_V043_001.ASM"],
	"BIT4": [0x71A8, 2, "8BITSDEPODER_V043_001.ASM"],
	"BIT6": [0x71AE, 2, "8BITSDEPODER_V043_001.ASM"],
	"BKGD_COLOR": [0x7171, 3, "8BITSDEPODER_V043_001.ASM"],
	"BUC_DEL": [0x6955, 2, "8BITSDEPODER_V043_001.ASM"],
	"BUFFER_DEC": [0x7732, 2, "PLAYER_LOADER_CPC_V42.ASM"],
	"CANAL_A": [0x7CEC, 5, "WYZPROPLAY47C_CPC_WINAPE_V42.ASM"],
	"CANAL_B": [0x7CEE, 3, "WYZPROPLAY47C_CPC_WINAPE_V42.ASM"],
	"CANAL_C": [0x7CF0, 3, "WYZPROPLAY47C_CPC_WINAPE_V42.ASM"],
	"CANAL_C_LIBRE": [0x7866, 2, "WYZPROPLAY47C_CPC_WINAPE_V42.ASM"],
	"CANAL_P": [0x7D18, 4, "WYZPROPLAY47C_CPC_WINAPE_V42.ASM"],
	"CAPACIDAD_LAYOUT": [0x0001, 2, "8BITSDEPODER_V043_001.ASM"],
	"CAPACIDAD_PSEUDO3D": [0x0001, 6, "8BITSDEPODER_V043_001.ASM"],
	"CAPACIDAD_SCROLLING": [0x0001, 6, "8BITSDEPODER_V043_001.ASM"],
	"CARGA_CANCION": [0x78C9, 2, "WYZPROPLAY47C_CPC_WINAPE_V42.ASM"],
	"CHECK_DOUBLE_LIMITS": [0x6DE3, 5, "8BITSDEPODER_V043_001.ASM"],
	"CHECK_OUT": [0x6DEC, 1, "8BITSDEPODER_V043_001.ASM"],
	"CHEK_IN": [0x6DEC, 1, "8BITSDEPODER_V043_001.ASM"],
	"CIL_END": [0x6FEE, 2, "8BITSDEPODER_V043_001.ASM"],
	"CIL_IMAGEDIR": [0x6FEC, 2, "8BITSDEPODER_V043_001.ASM"],
	"CLEAR_PSG_BUFFER": [0x78AA, 1, "WYZPROPLAY47C_CPC_WINAPE_V42.ASM"],
	"CLIP_ALGO": [0x5F14, 2, "8BITSDEPODER_V043_001.ASM"],
	"CLIP_DERE": [0x5EF5, 1, "8BITSDEPODER_V043_001.ASM"],
	"CLIP_IZN": [0x5F26, 2, "8BITSDEPODER_V043_001.ASM"],
	"CLIP_IZQ": [0x5F18, 2, "8BITSDEPODER_V043_001.ASM"],
	"CLIP_NADA": [0x5F0D, 1, "8BITSDEPODER_V043_001.ASM"],
	"CO2X1FIN": [0xCFE8, 2, "8BITSDEPODER_V043_001.ASM"],
	"CO2X1INI": [0xCFE4, 2, "8BITSDEPODER_V043_001.ASM"],
	"CO2X2FIN": [0xCFF0, 2, "8BITSDEPODER_V043_001.ASM"],
	"CO2X2INI": [0xCFEC, 2, "8BITSDEPODER_V043_001.ASM"],
	"CO2Y1FIN": [0xCFE6, 2, "8BITSDEPODER_V043_001.ASM"],
	"CO2Y1INI": [0xCFE2, 2, "8BITSDEPODER_V043_001.ASM"],
	"CO2Y2FIN": [0xCFEE, 2, "8BITSDEPODER_V043_001.ASM"],
	"CO2Y2INI": [0xCFEA, 2, "8BITSDEPODER_V043_001.ASM"],
	"CO2_AUNNOCHOCA": [0x70A7, 2, "8BITSDEPODER_V043_001.ASM"],
	"CO2_CHOCA": [0x70DA, 2, "8BITSDEPODER_V043_001.ASM"],
	"CO2_I": [0x707E, 1, "8BITSDEPODER_V043_001.ASM"],
	"CO2_J": [0x7084, 3, "8BITSDEPODER_V043_001.ASM"],
	"CO2_MARGENX": [0x70B7, 3, "8BITSDEPODER_V043_001.ASM"],
	"CO2_MARGENY": [0x7094, 2, "8BITSDEPODER_V043_001.ASM"],
	"CO2_NOCHOCA": [0x70DD, 6, "8BITSDEPODER_V043_001.ASM"],
	"CO2_QUIZASCHOCA": [0x70CA, 2, "8BITSDEPODER_V043_001.ASM"],
	"CO2_SP1": [0xCFE0, 3, "8BITSDEPODER_V043_001.ASM"],
	"CO2_SP1DATA": [0xCFE2, 3, "8BITSDEPODER_V043_001.ASM"],
	"CO2_SP2": [0xCFE1, 6, "8BITSDEPODER_V043_001.ASM"],
	"CO2_SP2DATA": [0xCFEA, 2, "8BITSDEPODER_V043_001.ASM"],
	"COA": [0x72E8, 1, "8BITSDEPODER_V043_001.ASM"],
	"COA1PARAM": [0x72EB, 1, "8BITSDEPODER_V043_001.ASM"],
	"COA2PARAM": [0x7311, 2, "8BITSDEPODER_V043_001.ASM"],
	"COA_BUCLE": [0x7335, 2, "8BITSDEPODER_V043_001.ASM"],
	"COA_COLIDER": [0x7447, 5, "8BITSDEPODER_V043_001.ASM"],
	"COA_DIR_FIN": [0x7332, 3, "8BITSDEPODER_V043_001.ASM"],
	"COA_FIN": [0x7361, 2, "8BITSDEPODER_V043_001.ASM"],
	"COA_LIMIT_INI": [0x7357, 1, "8BITSDEPODER_V043_001.ASM"],
	"COA_NEXT": [0x7352, 3, "8BITSDEPODER_V043_001.ASM"],
	"COA_SPID": [0xFFF0, 5, "8BITSDEPODER_V043_001.ASM"],
	"COA_START": [0x732D, 5, "8BITSDEPODER_V043_001.ASM"],
	"COL_1PARAM": [0x74F3, 2, "8BITSDEPODER_V043_001.ASM"],
	"COL_2PARAM": [0x74EA, 2, "8BITSDEPODER_V043_001.ASM"],
	"COL_ADJUSTX": [0x757F, 3, "8BITSDEPODER_V043_001.ASM"],
	"COL_ADJUSTY": [0x758D, 3, "8BITSDEPODER_V043_001.ASM"],
	"COL_ALTO": [0xCFD8, 2, "8BITSDEPODER_V043_001.ASM"],
	"COL_ANCHO": [0xCFDB, 3, "8BITSDEPODER_V043_001.ASM"],
	"COL_CHAR_X": [0xCFDF, 4, "8BITSDEPODER_V043_001.ASM"],
	"COL_CHAR_XFIN": [0xCFDD, 3, "8BITSDEPODER_V043_001.ASM"],
	"COL_CHAR_XINI": [0xCFDC, 3, "8BITSDEPODER_V043_001.ASM"],
	"COL_CHAR_Y": [0xCFDE, 4, "8BITSDEPODER_V043_001.ASM"],
	"COL_CHAR_YFIN": [0xCFDA, 3, "8BITSDEPODER_V043_001.ASM"],
	"COL_CHAR_YINI": [0xCFD9, 3, "8BITSDEPODER_V043_001.ASM"],
	"COL_CHECKCHAR": [0x759B, 2, "8BITSDEPODER_V043_001.ASM"],
	"COL_CHOCA": [0x7579, 2, "8BITSDEPODER_V043_001.ASM"],
	"COL_FINSCAN": [0x7573, 2, "8BITSDEPODER_V043_001.ASM"],
	"COL_FINSCANX": [0x7566, 2, "8BITSDEPODER_V043_001.ASM"],
	"COL_NOCHOCA": [0x7573, 1, "8BITSDEPODER_V043_001.ASM"],
	"COL_NOPARAM": [0x74F9, 2, "8BITSDEPODER_V043_001.ASM"],
	"COL_NUMSP": [0x744C, 3, "8BITSDEPODER_V043_001.ASM"],
	"COL_SCANX": [0x754C, 2, "8BITSDEPODER_V043_001.ASM"],
	"COL_SCANY": [0x7546, 2, "8BITSDEPODER_V043_001.ASM"],
	"COL_SPDATA": [0xCFD0, 2, "8BITSDEPODER_V043_001.ASM"],
	"COL_TRY": [0x74FC, 1, "8BITSDEPODER_V043_001.ASM"],
	"COL_UMBRAL": [0x7449, 3, "8BITSDEPODER_V043_001.ASM"],
	"COL_XFIN": [0xCFD6, 2, "8BITSDEPODER_V043_001.ASM"],
	"COL_XINI": [0xCFD2, 2, "8BITSDEPODER_V043_001.ASM"],
	"COL_XP": [0x7585, 2, "8BITSDEPODER_V043_001.ASM"],
	"COL_XSIGUE": [0x758C, 2, "8BITSDEPODER_V043_001.ASM"],
	"COL_YFIN": [0xCFD4, 2, "8BITSDEPODER_V043_001.ASM"],
	"COL_YINI": [0xCFD0, 2, "8BITSDEPODER_V043_001.ASM"],
	"COL_YP": [0x7593, 2, "8BITSDEPODER_V043_001.ASM"],
	"COL_YSIGUE": [0x759A, 2, "8BITSDEPODER_V043_001.ASM"],
	"COMANDOS": [0x7A89, 1, "WYZPROPLAY47C_CPC_WINAPE_V42.ASM"],
	"COM_EFECTO": [0x7ACE, 2, "WYZPROPLAY47C_CPC_WINAPE_V42.ASM"],
	"COM_ENVOLVENTE": [0x7ADE, 2, "WYZPROPLAY47C_CPC_WINAPE_V42.ASM"],
	"CONT_ENV": [0x7C96, 2, "WYZPROPLAY47C_CPC_WINAPE_V42.ASM"],
	"COP": [0x6E2D, 1, "8BITSDEPODER_V043_001.ASM"],
	"COP_NOSUMA": [0x6E46, 2, "8BITSDEPODER_V043_001.ASM"],
	"COR_DX": [0xE7D2, 1, "8BITSDEPODER_V043_001.ASM"],
	"COR_DY": [0xE7D1, 1, "8BITSDEPODER_V043_001.ASM"],
	"COR_SPRITEID": [0xE7D0, 1, "8BITSDEPODER_V043_001.ASM"],
	"COS1PARAM": [0x70E9, 2, "8BITSDEPODER_V043_001.ASM"],
	"COS2PARAM": [0x70EE, 2, "8BITSDEPODER_V043_001.ASM"],
	"COS3PARAM": [0x70F3, 2, "8BITSDEPODER_V043_001.ASM"],
	"COSAJUSTEYX": [0x710D, 2, "8BITSDEPODER_V043_001.ASM"],
	"COS_1": [0x7150, 2, "8BITSDEPODER_V043_001.ASM"],
	"COS_BUCLE": [0x7145, 2, "8BITSDEPODER_V043_001.ASM"],
	"COS_CHOCA": [0x7168, 2, "8BITSDEPODER_V043_001.ASM"],
	"COS_DIR_FIN": [0x713C, 2, "8BITSDEPODER_V043_001.ASM"],
	"COS_LIMIT_FIN": [0x7137, 2, "8BITSDEPODER_V043_001.ASM"],
	"COS_LIMIT_INI": [0x715A, 2, "8BITSDEPODER_V043_001.ASM"],
	"COS_NOCHOCA": [0x7161, 2, "8BITSDEPODER_V043_001.ASM"],
	"COS_OK": [0x711A, 2, "8BITSDEPODER_V043_001.ASM"],
	"COS_OK2": [0x7126, 3, "8BITSDEPODER_V043_001.ASM"],
	"COS_RETURN_VAR": [0x70DF, 6, "8BITSDEPODER_V043_001.ASM"],
	"COS_SIG": [0x7153, 1, "8BITSDEPODER_V043_001.ASM"],
	"COUNTER": [0x0000, 126, "8BITSDEPODER_V043_001.ASM"],
	"CRTBC0": [0x7CA0, 2, "WYZPROPLAY47C_CPC_WINAPE_V42.ASM"],
	"DATOS_NOTAS": [0x7DF3, 3, "MARCHA3.MUS.ASM"],
	"DCBC0": [0x7A09, 2, "WYZPROPLAY47C_CPC_WINAPE_V42.ASM"],
	"DECODE_CANAL": [0x79A6, 9, "WYZPROPLAY47C_CPC_WINAPE_V42.ASM"],
	"DECODE_SONG": [0x78D2, 1, "WYZPROPLAY47C_CPC_WINAPE_V42.ASM"],
	"DELSP_PS2": [0x62CD, 1, "8BITSDEPODER_V043_001.ASM"],
	"DEL_ASIGNA": [0x6950, 2, "8BITSDEPODER_V043_001.ASM"],
	"DEL_NORMAL": [0x6953, 2, "8BITSDEPODER_V043_001.ASM"],
	"DEL_PAINT_SEGMENT": [0x5DAE, 1, "8BITSDEPODER_V043_001.ASM"],
	"DIR_3D": [0x6BDE, 1, "8BITSDEPODER_V043_001.ASM"],
	"DIR_ANIMASP": [0x6BB7, 1, "8BITSDEPODER_V043_001.ASM"],
	"DIR_AUTO": [0x6BC9, 1, "8BITSDEPODER_V043_001.ASM"],
	"DIR_AUTO_ALL": [0x6B9C, 1, "8BITSDEPODER_V043_001.ASM"],
	"DIR_COLAY": [0x6BA8, 1, "8BITSDEPODER_V043_001.ASM"],
	"DIR_COLSP": [0x6BBA, 1, "8BITSDEPODER_V043_001.ASM"],
	"DIR_COLSPALL": [0x6B99, 1, "8BITSDEPODER_V043_001.ASM"],
	"DIR_LAYOUT": [0x6BD5, 1, "8BITSDEPODER_V043_001.ASM"],
	"DIR_LOCATESP": [0x6BAE, 1, "8BITSDEPODER_V043_001.ASM"],
	"DIR_MAP2SP": [0x6BA2, 1, "8BITSDEPODER_V043_001.ASM"],
	"DIR_MOVER": [0x6BC0, 1, "8BITSDEPODER_V043_001.ASM"],
	"DIR_MOVER_ALL": [0x6B9F, 1, "8BITSDEPODER_V043_001.ASM"],
	"DIR_MUSIC": [0x6BD8, 1, "8BITSDEPODER_V043_001.ASM"],
	"DIR_PEEK": [0x6BB1, 1, "8BITSDEPODER_V043_001.ASM"],
	"DIR_POKE": [0x6BB4, 1, "8BITSDEPODER_V043_001.ASM"],
	"DIR_PRINTAT": [0x6BC6, 1, "8BITSDEPODER_V043_001.ASM"],
	"DIR_PRINTSP": [0x6BC3, 1, "8BITSDEPODER_V043_001.ASM"],
	"DIR_PRINTSPALL": [0x6B96, 1, "8BITSDEPODER_V043_001.ASM"],
	"DIR_RINK": [0x6BBD, 1, "8BITSDEPODER_V043_001.ASM"],
	"DIR_ROUTEALL": [0x6BD2, 1, "8BITSDEPODER_V043_001.ASM"],
	"DIR_ROUTESP": [0x6BCC, 1, "8BITSDEPODER_V043_001.ASM"],
	"DIR_SETLIMITS": [0x6BDB, 1, "8BITSDEPODER_V043_001.ASM"],
	"DIR_SETUPSP": [0x6BAB, 1, "8BITSDEPODER_V043_001.ASM"],
	"DIR_STARS": [0x6BA5, 1, "8BITSDEPODER_V043_001.ASM"],
	"DIR_UMAP": [0x6BCF, 1, "8BITSDEPODER_V043_001.ASM"],
	"DXOK": [0x5D94, 1, "8BITSDEPODER_V043_001.ASM"],
	"EFECTO_REGS": [0x7D51, 1, "WYZPROPLAY47C_CPC_WINAPE_V42.ASM"],
	"ENDLAYOUT": [0xA62C, 1, "WYZPROPLAY47C_CPC_WINAPE_V42.ASM"],
	"ENDRSX": [0x6C7E, 1, "8BITSDEPODER_V043_001.ASM"],
	"ENDSTARS": [0xA67C, 1, "WYZPROPLAY47C_CPC_WINAPE_V42.ASM"],
	"ENVOLVENTE": [0x7D4D, 3, "WYZPROPLAY47C_CPC_WINAPE_V42.ASM"],
	"ENVOLVENTE_BACK": [0x7D4E, 4, "WYZPROPLAY47C_CPC_WINAPE_V42.ASM"],
	"EVOLVENTES": [0x7C73, 2, "WYZPROPLAY47C_CPC_WINAPE_V42.ASM"],
	"EXT_WORD": [0x7CBE, 7, "WYZPROPLAY47C_CPC_WINAPE_V42.ASM"],
	"FCA_CONT": [0x7B28, 2, "WYZPROPLAY47C_CPC_WINAPE_V42.ASM"],
	"FILL_NOFLIP": [0x7685, 3, "8BITSDEPODER_V043_001.ASM"],
	"FINBIT": [0x71B4, 2, "8BITSDEPODER_V043_001.ASM"],
	"FINMACROX": [0x6482, 3, "8BITSDEPODER_V043_001.ASM"],
	"FINMACROY": [0x646D, 3, "8BITSDEPODER_V043_001.ASM"],
	"FIN_CANAL_A": [0x7B1D, 2, "WYZPROPLAY47C_CPC_WINAPE_V42.ASM"],
	"FIN_CANAL_P": [0x7BAF, 2, "WYZPROPLAY47C_CPC_WINAPE_V42.ASM"],
	"FIN_DEC_CANAL": [0x79F7, 2, "WYZPROPLAY47C_CPC_WINAPE_V42.ASM"],
	"FIN_NOPLAYER": [0x7852, 2, "WYZPROPLAY47C_CPC_WINAPE_V42.ASM"],
	"FIN_NOTA_A": [0x7AFD, 2, "WYZPROPLAY47C_CPC_WINAPE_V42.ASM"],
	"FIN_NOTA_P": [0x7B97, 2, "WYZPROPLAY47C_CPC_WINAPE_V42.ASM"],
	"FIN_NO_TOCAR_C": [0x7877, 4, "WYZPROPLAY47C_CPC_WINAPE_V42.ASM"],
	"FIN_RUTINA": [0x7B76, 2, "WYZPROPLAY47C_CPC_WINAPE_V42.ASM"],
	"FIN_SONIDO": [0x7849, 2, "WYZPROPLAY47C_CPC_WINAPE_V42.ASM"],
	"FLAG_YMAX": [0x6046, 4, "8BITSDEPODER_V043_001.ASM"],
	"FLIP_FLAG": [0xE7FD, 7, "8BITSDEPODER_V043_001.ASM"],
	"FRECUENCIA_OFF": [0x7C8D, 2, "WYZPROPLAY47C_CPC_WINAPE_V42.ASM"],
	"GETLEN": [0x79FC, 3, "WYZPROPLAY47C_CPC_WINAPE_V42.ASM"],
	"GET_IMAGE_LIST": [0x6BE1, 1, "8BITSDEPODER_V043_001.ASM"],
	"GET_OFFSETS": [0x72C0, 3, "8BITSDEPODER_V043_001.ASM"],
	"GET_OFFSETS_FROM_POINTERS": [0x72D3, 3, "8BITSDEPODER_V043_001.ASM"],
	"GM_MODE": [0xEFF7, 8, "8BITSDEPODER_V043_001.ASM"],
	"HAYFLIP": [0x650A, 2, "8BITSDEPODER_V043_001.ASM"],
	"IMAGE_LIST": [0x8352, 3, "IMAGES_MYGAME.ASM"],
	"INICIA_SONIDO": [0x77B1, 3, "WYZPROPLAY47C_CPC_WINAPE_V42.ASM"],
	"INICIO": [0x779C, 2, "WYZPROPLAY47C_CPC_WINAPE_V42.ASM"],
	"INIT_DECODER": [0x7947, 1, "WYZPROPLAY47C_CPC_WINAPE_V42.ASM"],
	"INK_AND1": [0x739B, 1, "8BITSDEPODER_V043_001.ASM"],
	"INK_AND2": [0x73BA, 1, "8BITSDEPODER_V043_001.ASM"],
	"INK_BUCLE": [0x73B2, 2, "8BITSDEPODER_V043_001.ASM"],
	"INK_CAMBIAR": [0xE7F0, 4, "8BITSDEPODER_V043_001.ASM"],
	"INK_COUNTER": [0xE7EF, 3, "8BITSDEPODER_V043_001.ASM"],
	"INK_FIN": [0x73E0, 2, "8BITSDEPODER_V043_001.ASM"],
	"INK_FINBUCLE": [0x73D8, 1, "8BITSDEPODER_V043_001.ASM"],
	"INK_INDEX": [0xE7F1, 6, "8BITSDEPODER_V043_001.ASM"],
	"INK_MENOR": [0x73A2, 2, "8BITSDEPODER_V043_001.ASM"],
	"INK_MENOR2": [0x73C1, 2, "8BITSDEPODER_V043_001.ASM"],
	"INK_NC1": [0x739B, 2, "8BITSDEPODER_V043_001.ASM"],
	"INK_NC2": [0x73BB, 2, "8BITSDEPODER_V043_001.ASM"],
	"INK_NOPARAM": [0x738C, 2, "8BITSDEPODER_V043_001.ASM"],
	"INK_PATRON_LEN": [0xE7FC, 5, "8BITSDEPODER_V043_001.ASM"],
	"INK_STEP": [0xE7FB, 2, "8BITSDEPODER_V043_001.ASM"],
	"INK_T1": [0xE7F3, 3, "8BITSDEPODER_V043_001.ASM"],
	"INK_T2": [0xE7F4, 1, "8BITSDEPODER_V043_001.ASM"],
	"INK_T3": [0xE7F5, 1, "8BITSDEPODER_V043_001.ASM"],
	"INK_T4": [0xE7F6, 1, "8BITSDEPODER_V043_001.ASM"],
	"INK_T5": [0xE7F7, 1, "8BITSDEPODER_V043_001.ASM"],
	"INK_T6": [0xE7F8, 1, "8BITSDEPODER_V043_001.ASM"],
	"INK_T7": [0xE7F9, 1, "8BITSDEPODER_V043_001.ASM"],
	"INK_T8": [0xE7FA, 1, "8BITSDEPODER_V043_001.ASM"],
	"INK_TINI": [0xE7F2, 3, "8BITSDEPODER_V043_001.ASM"],
	"INS": [0x6E6B, 1, "8BITSDEPODER_V043_001.ASM"],
	"INS1": [0x6E65, 3, "8BITSDEPODER_V043_001.ASM"],
	"INS2": [0x6E68, 2, "8BITSDEPODER_V043_001.ASM"],
	"INS_CANCION": [0x6040, 3, "8BITSDEPODER_V043_001.ASM"],
	"INS_COUNTER": [0x603F, 3, "8BITSDEPODER_V043_001.ASM"],
	"INS_FIN": [0x6EB7, 2, "8BITSDEPODER_V043_001.ASM"],
	"INS_INIT": [0x6E8F, 2, "8BITSDEPODER_V043_001.ASM"],
	"INS_JP": [0x6EBF, 2, "8BITSDEPODER_V043_001.ASM"],
	"INS_LOOP": [0x6E4E, 3, "8BITSDEPODER_V043_001.ASM"],
	"INS_RUTINA": [0x6E97, 2, "8BITSDEPODER_V043_001.ASM"],
	"INS_SPEED": [0x6041, 3, "8BITSDEPODER_V043_001.ASM"],
	"INTERR": [0x7CE2, 11, "WYZPROPLAY47C_CPC_WINAPE_V42.ASM"],
	"LAYOUT": [0xA438, 3, "WYZPROPLAY47C_CPC_WINAPE_V42.ASM"],
	"LAY_BUC": [0x75DB, 2, "8BITSDEPODER_V043_001.ASM"],
	"LAY_BUFFER": [0xD7D2, 2, "8BITSDEPODER_V043_001.ASM"],
	"LAY_CHAR": [0xD7D1, 3, "8BITSDEPODER_V043_001.ASM"],
	"LAY_CHARS": [0xCFFD, 5, "8BITSDEPODER_V043_001.ASM"],
	"LAY_COORDX": [0xCFFC, 5, "8BITSDEPODER_V043_001.ASM"],
	"LAY_COORDXCHAR": [0xCFFB, 5, "8BITSDEPODER_V043_001.ASM"],
	"LAY_COORDY": [0xCFFA, 3, "8BITSDEPODER_V043_001.ASM"],
	"LAY_COORDYCHAR": [0xCFF9, 3, "8BITSDEPODER_V043_001.ASM"],
	"LAY_LEN": [0xD7D0, 6, "8BITSDEPODER_V043_001.ASM"],
	"LAY_NEXT": [0x760F, 2, "8BITSDEPODER_V043_001.ASM"],
	"LAY_NOSUMA": [0x763F, 2, "8BITSDEPODER_V043_001.ASM"],
	"LAY_PAT1": [0x75C2, 1, "8BITSDEPODER_V043_001.ASM"],
	"LAY_PAT2": [0x75DC, 1, "8BITSDEPODER_V043_001.ASM"],
	"LAY_PAT3": [0x761A, 1, "8BITSDEPODER_V043_001.ASM"],
	"LAY_SUMA": [0x763C, 2, "8BITSDEPODER_V043_001.ASM"],
	"LAY_UPDATE_MAP": [0x7629, 2, "8BITSDEPODER_V043_001.ASM"],
	"LEJP0": [0x7B8E, 2, "WYZPROPLAY47C_CPC_WINAPE_V42.ASM"],
	"LIMITS": [0x6C81, 4, "8BITSDEPODER_V043_001.ASM"],
	"LIMITS_BACKUP": [0xEFED, 3, "8BITSDEPODER_V043_001.ASM"],
	"LIMITS_DEFAULT": [0x6047, 2, "8BITSDEPODER_V043_001.ASM"],
	"LNJP0": [0x7AF3, 2, "WYZPROPLAY47C_CPC_WINAPE_V42.ASM"],
	"LOCALIZA_EFECTO": [0x7B77, 3, "WYZPROPLAY47C_CPC_WINAPE_V42.ASM"],
	"LOCALIZA_NOTA": [0x7A7C, 7, "WYZPROPLAY47C_CPC_WINAPE_V42.ASM"],
	"LOUT": [0x7866, 2, "WYZPROPLAY47C_CPC_WINAPE_V42.ASM"],
	"M1PNTFN_PINTA": [0x60C4, 1, "8BITSDEPODER_V043_001.ASM"],
	"M1PNTFN_SCANH": [0x60C0, 2, "8BITSDEPODER_V043_001.ASM"],
	"M1PNTFN_TRANSP": [0x60C5, 1, "8BITSDEPODER_V043_001.ASM"],
	"M1PNTF_PINTA": [0x60E0, 1, "8BITSDEPODER_V043_001.ASM"],
	"M1PNTF_SCANH": [0x60D9, 2, "8BITSDEPODER_V043_001.ASM"],
	"M1PNTF_TRANSP": [0x60E1, 1, "8BITSDEPODER_V043_001.ASM"],
	"M1PTR2_4": [0x6116, 1, "8BITSDEPODER_V043_001.ASM"],
	"M1PTR2_5": [0x6122, 2, "8BITSDEPODER_V043_001.ASM"],
	"M1PTR2_6": [0x612D, 2, "8BITSDEPODER_V043_001.ASM"],
	"M1PTR2_7": [0x6138, 2, "8BITSDEPODER_V043_001.ASM"],
	"M1PTR2_BIN1": [0x610E, 1, "8BITSDEPODER_V043_001.ASM"],
	"M1PTR2_BIN2": [0x6111, 1, "8BITSDEPODER_V043_001.ASM"],
	"M1PTR2_BIN3": [0x6144, 1, "8BITSDEPODER_V043_001.ASM"],
	"M1PTR2_FONDO": [0x6143, 3, "8BITSDEPODER_V043_001.ASM"],
	"M1PTR2_PINTA": [0x60B3, 1, "8BITSDEPODER_V043_001.ASM"],
	"M1PTR2_SCANH": [0x60AF, 2, "8BITSDEPODER_V043_001.ASM"],
	"M1PTR2_TRANSP": [0x60B4, 1, "8BITSDEPODER_V043_001.ASM"],
	"M1_FLIP": [0x60F0, 3, "8BITSDEPODER_V043_001.ASM"],
	"M1_TRANSP": [0x610D, 3, "8BITSDEPODER_V043_001.ASM"],
	"M2SXMARGIN": [0x6926, 3, "8BITSDEPODER_V043_001.ASM"],
	"M2SXOFFSET": [0x692A, 4, "8BITSDEPODER_V043_001.ASM"],
	"M2SYMARGIN": [0x6928, 3, "8BITSDEPODER_V043_001.ASM"],
	"M2S_2PARAM": [0x682B, 1, "8BITSDEPODER_V043_001.ASM"],
	"M2S_3D": [0x6847, 1, "8BITSDEPODER_V043_001.ASM"],
	"M2S_ANCHOVISIBLE": [0x6924, 4, "8BITSDEPODER_V043_001.ASM"],
	"M2S_BUCLE": [0x6857, 2, "8BITSDEPODER_V043_001.ASM"],
	"M2S_COUNTER": [0xC7FE, 4, "8BITSDEPODER_V043_001.ASM"],
	"M2S_FIN": [0x6900, 3, "8BITSDEPODER_V043_001.ASM"],
	"M2S_FIN2": [0x691C, 3, "8BITSDEPODER_V043_001.ASM"],
	"M2S_FINBUC": [0x690D, 2, "8BITSDEPODER_V043_001.ASM"],
	"M2S_NEXT": [0x68E7, 4, "8BITSDEPODER_V043_001.ASM"],
	"M2S_NO1": [0x680A, 2, "8BITSDEPODER_V043_001.ASM"],
	"M2S_NO3D": [0x6847, 1, "8BITSDEPODER_V043_001.ASM"],
	"M2S_NOSUMA160": [0x68BB, 1, "8BITSDEPODER_V043_001.ASM"],
	"M2S_PNTS_TR": [0x67FE, 2, "8BITSDEPODER_V043_001.ASM"],
	"M2S_RUN": [0x6847, 1, "8BITSDEPODER_V043_001.ASM"],
	"M2S_SPRITES": [0xEFEC, 6, "8BITSDEPODER_V043_001.ASM"],
	"M2S_SPRITES_BEFORE": [0x6923, 3, "8BITSDEPODER_V043_001.ASM"],
	"M2S_SP_POINTER": [0xEFEA, 7, "8BITSDEPODER_V043_001.ASM"],
	"M2S_XINPUT": [0xDFD6, 2, "8BITSDEPODER_V043_001.ASM"],
	"M2S_XO": [0x683A, 1, "8BITSDEPODER_V043_001.ASM"],
	"M2S_XORIG": [0xDFD2, 4, "8BITSDEPODER_V043_001.ASM"],
	"M2S_YORIG": [0xDFD4, 4, "8BITSDEPODER_V043_001.ASM"],
	"MACRO_H": [0x646C, 2, "8BITSDEPODER_V043_001.ASM"],
	"MACRO_V": [0x6481, 2, "8BITSDEPODER_V043_001.ASM"],
	"MACRO_XNEG": [0x6479, 1, "8BITSDEPODER_V043_001.ASM"],
	"MACRO_XPOS": [0x647D, 2, "8BITSDEPODER_V043_001.ASM"],
	"MACRO_YNEG": [0x6464, 1, "8BITSDEPODER_V043_001.ASM"],
	"MACRO_YPOS": [0x6468, 2, "8BITSDEPODER_V043_001.ASM"],
	"MAPITEMS": [0xA43C, 1, "MAP_TABLE_MYGAME.ASM"],
	"MAX_SP_HEIGHT": [0xA438, 1, "MAP_TABLE_MYGAME.ASM"],
	"MAX_SP_WIDTH": [0xA43A, 1, "MAP_TABLE_MYGAME.ASM"],
	"MC_WAIT_FLYBACK": [0xBD19, 1, "PLAYER_LOADER_CPC_V42.ASM"],
	"MID_HORIZON": [0x5E63, 2, "8BITSDEPODER_V043_001.ASM"],
	"MOA_BUCLE": [0x7057, 2, "8BITSDEPODER_V043_001.ASM"],
	"MOA_FIN": [0x706B, 2, "8BITSDEPODER_V043_001.ASM"],
	"MOA_FLAG_ROUTE": [0x744D, 3, "8BITSDEPODER_V043_001.ASM"],
	"MOA_INTENO": [0x7044, 2, "8BITSDEPODER_V043_001.ASM"],
	"MOA_NOPARAM": [0x7047, 2, "8BITSDEPODER_V043_001.ASM"],
	"MOA_SPID": [0xC7FB, 3, "8BITSDEPODER_V043_001.ASM"],
	"MOR_NOPARAMS": [0x7286, 2, "8BITSDEPODER_V043_001.ASM"],
	"MOR_PARAM": [0x7298, 2, "8BITSDEPODER_V043_001.ASM"],
	"MOR_PARAMS": [0x7280, 2, "8BITSDEPODER_V043_001.ASM"],
	"MOR_UNO": [0x72A1, 2, "8BITSDEPODER_V043_001.ASM"],
	"MOR_X": [0xD7DB, 5, "8BITSDEPODER_V043_001.ASM"],
	"MOR_XPOINTER": [0x6044, 3, "8BITSDEPODER_V043_001.ASM"],
	"MOR_Y": [0xD7D9, 5, "8BITSDEPODER_V043_001.ASM"],
	"MOR_YPOINTER": [0x6042, 3, "8BITSDEPODER_V043_001.ASM"],
	"MOVER_I": [0x729D, 2, "8BITSDEPODER_V043_001.ASM"],
	"MOV_ADDRESS": [0xC7F9, 5, "8BITSDEPODER_V043_001.ASM"],
	"MOV_ID": [0xC7F8, 2, "8BITSDEPODER_V043_001.ASM"],
	"MOV_POSITIVOX": [0x702C, 2, "8BITSDEPODER_V043_001.ASM"],
	"MOV_POSITIVOY": [0x700E, 2, "8BITSDEPODER_V043_001.ASM"],
	"MOV_UNO": [0x6FFF, 3, "8BITSDEPODER_V043_001.ASM"],
	"MRA_BUCLE": [0x73F4, 2, "8BITSDEPODER_V043_001.ASM"],
	"MRA_FIN": [0x7406, 2, "8BITSDEPODER_V043_001.ASM"],
	"MRA_NOPARAM": [0x73EC, 2, "8BITSDEPODER_V043_001.ASM"],
	"MRA_PARAM": [0x73E9, 2, "8BITSDEPODER_V043_001.ASM"],
	"MRA_SPID": [0xD7D8, 3, "8BITSDEPODER_V043_001.ASM"],
	"MUL_LOOP": [0x6D55, 2, "8BITSDEPODER_V043_001.ASM"],
	"MUL_SKIP": [0x6D59, 2, "8BITSDEPODER_V043_001.ASM"],
	"NOTA": [0x7C5E, 2, "WYZPROPLAY47C_CPC_WINAPE_V42.ASM"],
	"NO_BACKUP_ENVOLVENTE": [0x7863, 2, "WYZPROPLAY47C_CPC_WINAPE_V42.ASM"],
	"NO_DEC_TEMPO": [0x7A9B, 2, "WYZPROPLAY47C_CPC_WINAPE_V42.ASM"],
	"NO_ENVOLVENTE": [0x79DF, 2, "WYZPROPLAY47C_CPC_WINAPE_V42.ASM"],
	"NO_ENVOLVENTES_SONIDO": [0x782F, 3, "WYZPROPLAY47C_CPC_WINAPE_V42.ASM"],
	"NO_FIN_CANAL_A": [0x7B36, 2, "WYZPROPLAY47C_CPC_WINAPE_V42.ASM"],
	"NO_FIN_CANAL_P": [0x7BB7, 2, "WYZPROPLAY47C_CPC_WINAPE_V42.ASM"],
	"NO_INC_TEMPO": [0x7AA0, 2, "WYZPROPLAY47C_CPC_WINAPE_V42.ASM"],
	"NO_INSTRUMENTO": [0x79D2, 2, "WYZPROPLAY47C_CPC_WINAPE_V42.ASM"],
	"NO_MODIFICA": [0x79EC, 6, "WYZPROPLAY47C_CPC_WINAPE_V42.ASM"],
	"NO_PUNTILLO": [0x79BF, 2, "WYZPROPLAY47C_CPC_WINAPE_V42.ASM"],
	"NO_RUIDO": [0x783C, 2, "WYZPROPLAY47C_CPC_WINAPE_V42.ASM"],
	"NO_SILENCIO": [0x79B5, 2, "WYZPROPLAY47C_CPC_WINAPE_V42.ASM"],
	"NO_SILENCIO_A": [0x7B64, 2, "WYZPROPLAY47C_CPC_WINAPE_V42.ASM"],
	"NO_TOCAR_VOL_CANAL_C1": [0x7871, 2, "WYZPROPLAY47C_CPC_WINAPE_V42.ASM"],
	"NPTJP0": [0x78EE, 2, "WYZPROPLAY47C_CPC_WINAPE_V42.ASM"],
	"NUM_SPRITES": [0x0020, 10, "8BITSDEPODER_V043_001.ASM"],
	"N_SONIDO": [0x7D2A, 1, "WYZPROPLAY47C_CPC_WINAPE_V42.ASM"],
	"ORNMJP1": [0x7C48, 4, "WYZPROPLAY47C_CPC_WINAPE_V42.ASM"],
	"ORNNEG": [0x7C2A, 2, "WYZPROPLAY47C_CPC_WINAPE_V42.ASM"],
	"PAT": [0x6148, 1, "8BITSDEPODER_V043_001.ASM"],
	"PAT_BUC": [0x6197, 2, "8BITSDEPODER_V043_001.ASM"],
	"PAT_BUSCA": [0x619F, 2, "8BITSDEPODER_V043_001.ASM"],
	"PAT_COORDX": [0xEFD0, 5, "8BITSDEPODER_V043_001.ASM"],
	"PAT_COORDY": [0xEFD2, 4, "8BITSDEPODER_V043_001.ASM"],
	"PAT_FIN": [0x61F7, 2, "8BITSDEPODER_V043_001.ASM"],
	"PAT_FOUND": [0x61AB, 2, "8BITSDEPODER_V043_001.ASM"],
	"PAT_FROM": [0xEFD4, 4, "8BITSDEPODER_V043_001.ASM"],
	"PAT_NEXT": [0x61D7, 1, "8BITSDEPODER_V043_001.ASM"],
	"PAT_NOOVER": [0x6156, 3, "8BITSDEPODER_V043_001.ASM"],
	"PAT_NOT_FOUND": [0x61AA, 2, "8BITSDEPODER_V043_001.ASM"],
	"PAT_OVER": [0x6158, 2, "8BITSDEPODER_V043_001.ASM"],
	"PAUTA": [0x7BBE, 4, "WYZPROPLAY47C_CPC_WINAPE_V42.ASM"],
	"PAUTAS": [0x7A52, 2, "WYZPROPLAY47C_CPC_WINAPE_V42.ASM"],
	"PAUTA_0": [0x7D78, 2, "MARCHA3.MUS.ASM"],
	"PAUTA_1": [0x7D81, 2, "MARCHA3.MUS.ASM"],
	"PAUTA_2": [0x7D9E, 2, "MARCHA3.MUS.ASM"],
	"PAUTA_3": [0x7DA9, 2, "MARCHA3.MUS.ASM"],
	"PAUTA_4": [0x7DB2, 2, "MARCHA3.MUS.ASM"],
	"PAUTA_5": [0x7DCD, 2, "MARCHA3.MUS.ASM"],
	"PCAJP0": [0x7BDE, 2, "WYZPROPLAY47C_CPC_WINAPE_V42.ASM"],
	"PCAJP1": [0x7BF5, 2, "WYZPROPLAY47C_CPC_WINAPE_V42.ASM"],
	"PCAJP2": [0x7C0A, 3, "WYZPROPLAY47C_CPC_WINAPE_V42.ASM"],
	"PCAJP3": [0x7C2C, 2, "WYZPROPLAY47C_CPC_WINAPE_V42.ASM"],
	"PCAJP4": [0x7BCA, 1, "WYZPROPLAY47C_CPC_WINAPE_V42.ASM"],
	"PCAJP5": [0x7C50, 1, "WYZPROPLAY47C_CPC_WINAPE_V42.ASM"],
	"PCAJP6": [0x7C3C, 2, "WYZPROPLAY47C_CPC_WINAPE_V42.ASM"],
	"PCAJP7": [0x7C5A, 2, "WYZPROPLAY47C_CPC_WINAPE_V42.ASM"],
	"PEEKPOKE_COMUN": [0x6DC0, 2, "8BITSDEPODER_V043_001.ASM"],
	"PINTA_SEG_TR": [0x5F30, 2, "8BITSDEPODER_V043_001.ASM"],
	"PLAY": [0x7A0F, 2, "WYZPROPLAY47C_CPC_WINAPE_V42.ASM"],
	"PLAYER": [0x7711, 2, "PLAYER_LOADER_CPC_V42.ASM"],
	"PLAYER_OFF": [0x78A6, 3, "WYZPROPLAY47C_CPC_WINAPE_V42.ASM"],
	"PNT": [0x6C8B, 1, "8BITSDEPODER_V043_001.ASM"],
	"PNTFN_PINTA": [0x6D40, 1, "8BITSDEPODER_V043_001.ASM"],
	"PNTFN_SCANH": [0x6D35, 2, "8BITSDEPODER_V043_001.ASM"],
	"PNTFN_TRANSP": [0x6D41, 1, "8BITSDEPODER_V043_001.ASM"],
	"PNTF_BIN1": [0x6D01, 2, "8BITSDEPODER_V043_001.ASM"],
	"PNTF_BIN2": [0x6D05, 1, "8BITSDEPODER_V043_001.ASM"],
	"PNTF_BIN3": [0x6D1D, 2, "8BITSDEPODER_V043_001.ASM"],
	"PNTF_FONDO": [0x6D1C, 2, "8BITSDEPODER_V043_001.ASM"],
	"PNTF_IZQ": [0x6D15, 2, "8BITSDEPODER_V043_001.ASM"],
	"PNTF_PINTA": [0x6D20, 1, "8BITSDEPODER_V043_001.ASM"],
	"PNTF_SCANH": [0x6CF5, 2, "8BITSDEPODER_V043_001.ASM"],
	"PNTF_TRANSP": [0x6D21, 2, "8BITSDEPODER_V043_001.ASM"],
	"PNTS": [0x5D9B, 1, "8BITSDEPODER_V043_001.ASM"],
	"PNTS_3D": [0x5CBA, 2, "8BITSDEPODER_V043_001.ASM"],
	"PNTS_3D_INRANGE": [0x5CDB, 2, "8BITSDEPODER_V043_001.ASM"],
	"PNTS_ALTO": [0xE7DE, 1, "8BITSDEPODER_V043_001.ASM"],
	"PNTS_BUCN": [0x5DCB, 2, "8BITSDEPODER_V043_001.ASM"],
	"PNTS_BUCNOLD": [0x5DC3, 1, "8BITSDEPODER_V043_001.ASM"],
	"PNTS_CLIP": [0x5D0E, 2, "8BITSDEPODER_V043_001.ASM"],
	"PNTS_DELTAX": [0xE7D3, 1, "8BITSDEPODER_V043_001.ASM"],
	"PNTS_DESPUES_PROYECTAR": [0x5D39, 2, "8BITSDEPODER_V043_001.ASM"],
	"PNTS_DIV": [0x5D85, 2, "8BITSDEPODER_V043_001.ASM"],
	"PNTS_DIVFIN1": [0x5D91, 2, "8BITSDEPODER_V043_001.ASM"],
	"PNTS_DIVFIN2": [0x5D93, 2, "8BITSDEPODER_V043_001.ASM"],
	"PNTS_DX1": [0xE7D5, 5, "8BITSDEPODER_V043_001.ASM"],
	"PNTS_DX1POS": [0x5D29, 2, "8BITSDEPODER_V043_001.ASM"],
	"PNTS_DX1SUMADO": [0x5D2D, 2, "8BITSDEPODER_V043_001.ASM"],
	"PNTS_DX2FIN": [0x5D97, 1, "8BITSDEPODER_V043_001.ASM"],
	"PNTS_DX2POS": [0xE7D6, 3, "8BITSDEPODER_V043_001.ASM"],
	"PNTS_DXACUMUL": [0xE7D9, 7, "8BITSDEPODER_V043_001.ASM"],
	"PNTS_DXPOS": [0x5D62, 2, "8BITSDEPODER_V043_001.ASM"],
	"PNTS_DXSIGNO": [0xE7D8, 3, "8BITSDEPODER_V043_001.ASM"],
	"PNTS_LOOP_ALTO": [0x5DAA, 2, "8BITSDEPODER_V043_001.ASM"],
	"PNTS_LOOP_ANCHO": [0x5DAC, 1, "8BITSDEPODER_V043_001.ASM"],
	"PNTS_MENOR_N": [0x5DF8, 2, "8BITSDEPODER_V043_001.ASM"],
	"PNTS_NOCLIPVINF": [0x5D0D, 1, "8BITSDEPODER_V043_001.ASM"],
	"PNTS_NOPINTA": [0x5DB6, 2, "8BITSDEPODER_V043_001.ASM"],
	"PNTS_NOPT2V": [0x5D7F, 3, "8BITSDEPODER_V043_001.ASM"],
	"PNTS_NOTR": [0x5C98, 1, "8BITSDEPODER_V043_001.ASM"],
	"PNTS_OUT_CLIPIZQ": [0x5E16, 1, "8BITSDEPODER_V043_001.ASM"],
	"PNTS_OUT_CLIPIZQ2": [0x5E17, 1, "8BITSDEPODER_V043_001.ASM"],
	"PNTS_PINTA": [0x5DB2, 1, "8BITSDEPODER_V043_001.ASM"],
	"PNTS_PINTAR": [0xE7DF, 1, "8BITSDEPODER_V043_001.ASM"],
	"PNTS_PINTA_NOTRANSP": [0x5DB3, 5, "8BITSDEPODER_V043_001.ASM"],
	"PNTS_PROYECTAR": [0x5D36, 1, "8BITSDEPODER_V043_001.ASM"],
	"PNTS_PT2_CLIPVINF": [0x5C97, 4, "8BITSDEPODER_V043_001.ASM"],
	"PNTS_SACA_PANT": [0x5DBF, 1, "8BITSDEPODER_V043_001.ASM"],
	"PNTS_SCANH": [0x5DAE, 1, "8BITSDEPODER_V043_001.ASM"],
	"PNTS_SIG_LINEA": [0x5E12, 2, "8BITSDEPODER_V043_001.ASM"],
	"PNTS_SIPT2V": [0x5D82, 2, "8BITSDEPODER_V043_001.ASM"],
	"PNTS_SPOS": [0x5DE4, 2, "8BITSDEPODER_V043_001.ASM"],
	"PNTS_SUMA": [0x5DEB, 2, "8BITSDEPODER_V043_001.ASM"],
	"PNTS_SUMAX2": [0xE7E0, 4, "8BITSDEPODER_V043_001.ASM"],
	"PNTS_XINI": [0xE7D4, 11, "8BITSDEPODER_V043_001.ASM"],
	"PNT_DEL": [0x6939, 2, "8BITSDEPODER_V043_001.ASM"],
	"PNT_FLIPN": [0x6D30, 2, "8BITSDEPODER_V043_001.ASM"],
	"PNT_FLIPN_MODE1": [0x60BB, 2, "8BITSDEPODER_V043_001.ASM"],
	"PNT_FLIP_TRANSP": [0x6CF0, 2, "8BITSDEPODER_V043_001.ASM"],
	"PNT_FLIP_TRANSP_MODE1": [0x60D4, 2, "8BITSDEPODER_V043_001.ASM"],
	"PNT_LOOP_ALTO": [0x6C9F, 2, "8BITSDEPODER_V043_001.ASM"],
	"PNT_LOOP_ANCHO": [0x6CA1, 1, "8BITSDEPODER_V043_001.ASM"],
	"PNT_NORMAL": [0x6CA6, 3, "8BITSDEPODER_V043_001.ASM"],
	"PNT_PAINTED": [0x6CA8, 8, "8BITSDEPODER_V043_001.ASM"],
	"PNT_RESTOANCHO": [0xC7E9, 3, "8BITSDEPODER_V043_001.ASM"],
	"PNT_SCANH": [0x6CA3, 2, "8BITSDEPODER_V043_001.ASM"],
	"PNT_SIG_LINEA": [0x6CBC, 2, "8BITSDEPODER_V043_001.ASM"],
	"PNT_TRANSP": [0x6CC4, 2, "8BITSDEPODER_V043_001.ASM"],
	"PNT_TRANSP_MODE1": [0x60AD, 2, "8BITSDEPODER_V043_001.ASM"],
	"PRINTABLE": [0x64CF, 1, "8BITSDEPODER_V043_001.ASM"],
	"PRINTSP_FLAG": [0xD7DE, 4, "8BITSDEPODER_V043_001.ASM"],
	"PS2": [0x6200, 1, "8BITSDEPODER_V043_001.ASM"],
	"PS2CAR": [0x62D2, 2, "8BITSDEPODER_V043_001.ASM"],
	"PS2NOS": [0x62F7, 1, "8BITSDEPODER_V043_001.ASM"],
	"PS2_2PARAM": [0x624D, 2, "8BITSDEPODER_V043_001.ASM"],
	"PS2_3PARAM": [0x6239, 2, "8BITSDEPODER_V043_001.ASM"],
	"PS2_4PARAM": [0x6228, 1, "8BITSDEPODER_V043_001.ASM"],
	"PS2_ALL": [0x62B3, 2, "8BITSDEPODER_V043_001.ASM"],
	"PS2_BUCLE": [0x62BB, 3, "8BITSDEPODER_V043_001.ASM"],
	"PS2_CHECK2PARAM": [0x6222, 2, "8BITSDEPODER_V043_001.ASM"],
	"PS2_CHECK3PARAM": [0x6225, 1, "8BITSDEPODER_V043_001.ASM"],
	"PS2_CHK3": [0x62AD, 1, "8BITSDEPODER_V043_001.ASM"],
	"PS2_CHKSYN": [0x62AA, 2, "8BITSDEPODER_V043_001.ASM"],
	"PS2_DINI": [0x62B8, 3, "8BITSDEPODER_V043_001.ASM"],
	"PS2_DIRSIG": [0x6300, 2, "8BITSDEPODER_V043_001.ASM"],
	"PS2_FASE": [0x62DC, 1, "8BITSDEPODER_V043_001.ASM"],
	"PS2_FIN": [0x6306, 2, "8BITSDEPODER_V043_001.ASM"],
	"PS2_FLAG_ANIM": [0x76B4, 3, "8BITSDEPODER_V043_001.ASM"],
	"PS2_FLAG_SYNC": [0x76B5, 3, "8BITSDEPODER_V043_001.ASM"],
	"PS2_INI": [0x62B8, 1, "8BITSDEPODER_V043_001.ASM"],
	"PS2_MAS": [0x625C, 1, "8BITSDEPODER_V043_001.ASM"],
	"PS2_NEXT": [0x62ED, 2, "8BITSDEPODER_V043_001.ASM"],
	"PS2_NO3D": [0x62EA, 1, "8BITSDEPODER_V043_001.ASM"],
	"PS2_NOC": [0x62F1, 1, "8BITSDEPODER_V043_001.ASM"],
	"PS2_NOPARAM": [0x6259, 2, "8BITSDEPODER_V043_001.ASM"],
	"PS2_NOPRINTSP": [0x6312, 2, "8BITSDEPODER_V043_001.ASM"],
	"PS2_NOSORT": [0x62CD, 3, "8BITSDEPODER_V043_001.ASM"],
	"PS2_NOSORTSIG": [0x62FA, 3, "8BITSDEPODER_V043_001.ASM"],
	"PS2_NS": [0x6295, 2, "8BITSDEPODER_V043_001.ASM"],
	"PS2_ORDEN": [0x76B6, 6, "8BITSDEPODER_V043_001.ASM"],
	"PS2_SAMEN": [0x624D, 2, "8BITSDEPODER_V043_001.ASM"],
	"PS2_SD": [0x62BC, 3, "8BITSDEPODER_V043_001.ASM"],
	"PS2_SET_ORDEN_TOTAL": [0x6217, 2, "8BITSDEPODER_V043_001.ASM"],
	"PS2_SIG": [0x62F7, 3, "8BITSDEPODER_V043_001.ASM"],
	"PS2_SORT": [0x62BF, 2, "8BITSDEPODER_V043_001.ASM"],
	"PS2_SORTAGAIN": [0x626C, 2, "8BITSDEPODER_V043_001.ASM"],
	"PS2_SORTDONE": [0x627C, 2, "8BITSDEPODER_V043_001.ASM"],
	"PS2_SORTSIG": [0x6300, 2, "8BITSDEPODER_V043_001.ASM"],
	"PS2_SORT_TOTAL": [0x6270, 5, "8BITSDEPODER_V043_001.ASM"],
	"PS2_SPID": [0xD7DD, 5, "8BITSDEPODER_V043_001.ASM"],
	"PS2_TYPE": [0x6209, 1, "8BITSDEPODER_V043_001.ASM"],
	"PSG_REG": [0x7D2D, 27, "WYZPROPLAY47C_CPC_WINAPE_V42.ASM"],
	"PSG_REG_SEC": [0x7D3D, 23, "WYZPROPLAY47C_CPC_WINAPE_V42.ASM"],
	"PSP": [0x64A1, 1, "8BITSDEPODER_V043_001.ASM"],
	"PSP_3D": [0x65D0, 1, "8BITSDEPODER_V043_001.ASM"],
	"PSP_AJUSTE": [0x656E, 2, "8BITSDEPODER_V043_001.ASM"],
	"PSP_BGSPRITES": [0x64F9, 1, "8BITSDEPODER_V043_001.ASM"],
	"PSP_CASO1": [0x653A, 2, "8BITSDEPODER_V043_001.ASM"],
	"PSP_CASO2": [0x654A, 1, "8BITSDEPODER_V043_001.ASM"],
	"PSP_CASO3": [0x6555, 1, "8BITSDEPODER_V043_001.ASM"],
	"PSP_CHECK_FLIP": [0x64FC, 1, "8BITSDEPODER_V043_001.ASM"],
	"PSP_CLIPHDER": [0x65AA, 2, "8BITSDEPODER_V043_001.ASM"],
	"PSP_CLIPHDER2": [0x65DC, 2, "8BITSDEPODER_V043_001.ASM"],
	"PSP_CLIPHIZQ": [0x6611, 2, "8BITSDEPODER_V043_001.ASM"],
	"PSP_CLIPVINF": [0x657C, 2, "8BITSDEPODER_V043_001.ASM"],
	"PSP_CLIPVINF2": [0x657C, 1, "8BITSDEPODER_V043_001.ASM"],
	"PSP_DELETE": [0x6656, 1, "8BITSDEPODER_V043_001.ASM"],
	"PSP_ENDFLIP": [0x6512, 1, "8BITSDEPODER_V043_001.ASM"],
	"PSP_ENDHEIGHT": [0x652B, 2, "8BITSDEPODER_V043_001.ASM"],
	"PSP_FINCLIPPLING": [0x6650, 2, "8BITSDEPODER_V043_001.ASM"],
	"PSP_FLIPFLAG": [0x664A, 2, "8BITSDEPODER_V043_001.ASM"],
	"PSP_GO_PAINT": [0x667D, 8, "8BITSDEPODER_V043_001.ASM"],
	"PSP_I": [0x64D9, 2, "8BITSDEPODER_V043_001.ASM"],
	"PSP_MAYOR255": [0x64F2, 2, "8BITSDEPODER_V043_001.ASM"],
	"PSP_NO3D": [0x65D3, 2, "8BITSDEPODER_V043_001.ASM"],
	"PSP_NOFLIP": [0x6512, 2, "8BITSDEPODER_V043_001.ASM"],
	"PSP_NOFLIPD": [0x6607, 2, "8BITSDEPODER_V043_001.ASM"],
	"PSP_NOPAINTSEGMENT": [0x65DC, 2, "8BITSDEPODER_V043_001.ASM"],
	"PSP_NORMAL": [0x6671, 2, "8BITSDEPODER_V043_001.ASM"],
	"PSP_NOSEGMENT": [0x65C4, 1, "8BITSDEPODER_V043_001.ASM"],
	"PSP_OWR": [0x6665, 1, "8BITSDEPODER_V043_001.ASM"],
	"PSP_PAINTN": [0x667A, 2, "8BITSDEPODER_V043_001.ASM"],
	"PSP_PAINTT": [0x666E, 2, "8BITSDEPODER_V043_001.ASM"],
	"PSP_PROY": [0x65D0, 1, "8BITSDEPODER_V043_001.ASM"],
	"PSP_RESTAR": [0x6642, 1, "8BITSDEPODER_V043_001.ASM"],
	"PSP_SETHEIGHT": [0x6522, 1, "8BITSDEPODER_V043_001.ASM"],
	"PSP_SP": [0x64C0, 2, "8BITSDEPODER_V043_001.ASM"],
	"PSP_XY": [0x64D2, 2, "8BITSDEPODER_V043_001.ASM"],
	"PSP_ZOOM": [0x64F6, 1, "8BITSDEPODER_V043_001.ASM"],
	"PSTR_BIN1": [0x5F33, 2, "8BITSDEPODER_V043_001.ASM"],
	"PSTR_BIN2": [0x5F37, 1, "8BITSDEPODER_V043_001.ASM"],
	"PSTR_BIN3": [0x5F4C, 2, "8BITSDEPODER_V043_001.ASM"],
	"PSTR_DER": [0x5F3C, 1, "8BITSDEPODER_V043_001.ASM"],
	"PSTR_FONDO": [0x5F4B, 3, "8BITSDEPODER_V043_001.ASM"],
	"PSTR_IZQ": [0x5F49, 2, "8BITSDEPODER_V043_001.ASM"],
	"PSTR_PINTA": [0x5F4F, 1, "8BITSDEPODER_V043_001.ASM"],
	"PSTR_SCANH": [0x5F31, 2, "8BITSDEPODER_V043_001.ASM"],
	"PSTR_TRANSP": [0x5F50, 2, "8BITSDEPODER_V043_001.ASM"],
	"PTR2_AND": [0x6CD8, 1, "8BITSDEPODER_V043_001.ASM"],
	"PTR2_BIN1": [0x6CC8, 2, "8BITSDEPODER_V043_001.ASM"],
	"PTR2_BIN2": [0x6CCC, 1, "8BITSDEPODER_V043_001.ASM"],
	"PTR2_BIN3": [0x6CE6, 2, "8BITSDEPODER_V043_001.ASM"],
	"PTR2_FONDO": [0x6CE5, 3, "8BITSDEPODER_V043_001.ASM"],
	"PTR2_IZQ": [0x6CDE, 2, "8BITSDEPODER_V043_001.ASM"],
	"PTR2_PINTA": [0x6CE9, 1, "8BITSDEPODER_V043_001.ASM"],
	"PTR2_SCANH": [0x6CC6, 2, "8BITSDEPODER_V043_001.ASM"],
	"PTR2_TRANSP": [0x6CEA, 2, "8BITSDEPODER_V043_001.ASM"],
	"PTR_RESTOANCHO": [0xC7EB, 1, "8BITSDEPODER_V043_001.ASM"],
	"PUNTERO_A": [0x7CE6, 47, "WYZPROPLAY47C_CPC_WINAPE_V42.ASM"],
	"PUNTERO_B": [0x7CE8, 3, "WYZPROPLAY47C_CPC_WINAPE_V42.ASM"],
	"PUNTERO_C": [0x7CEA, 3, "WYZPROPLAY47C_CPC_WINAPE_V42.ASM"],
	"PUNTERO_DECA": [0x7D04, 8, "WYZPROPLAY47C_CPC_WINAPE_V42.ASM"],
	"PUNTERO_DECB": [0x7D06, 2, "WYZPROPLAY47C_CPC_WINAPE_V42.ASM"],
	"PUNTERO_DECC": [0x7D08, 2, "WYZPROPLAY47C_CPC_WINAPE_V42.ASM"],
	"PUNTERO_DECP": [0x7D1C, 5, "WYZPROPLAY47C_CPC_WINAPE_V42.ASM"],
	"PUNTERO_EFECTO": [0x7D53, 1, "WYZPROPLAY47C_CPC_WINAPE_V42.ASM"],
	"PUNTERO_L_DECA": [0x7D10, 4, "WYZPROPLAY47C_CPC_WINAPE_V42.ASM"],
	"PUNTERO_L_DECB": [0x7D12, 2, "WYZPROPLAY47C_CPC_WINAPE_V42.ASM"],
	"PUNTERO_L_DECC": [0x7D14, 2, "WYZPROPLAY47C_CPC_WINAPE_V42.ASM"],
	"PUNTERO_L_DECP": [0x7D1E, 3, "WYZPROPLAY47C_CPC_WINAPE_V42.ASM"],
	"PUNTERO_P": [0x7D16, 3, "WYZPROPLAY47C_CPC_WINAPE_V42.ASM"],
	"PUNTERO_P_A": [0x7CF2, 8, "WYZPROPLAY47C_CPC_WINAPE_V42.ASM"],
	"PUNTERO_P_A0": [0x7CF8, 5, "WYZPROPLAY47C_CPC_WINAPE_V42.ASM"],
	"PUNTERO_P_B": [0x7CF4, 2, "WYZPROPLAY47C_CPC_WINAPE_V42.ASM"],
	"PUNTERO_P_B0": [0x7CFA, 1, "WYZPROPLAY47C_CPC_WINAPE_V42.ASM"],
	"PUNTERO_P_C": [0x7CF6, 2, "WYZPROPLAY47C_CPC_WINAPE_V42.ASM"],
	"PUNTERO_P_C0": [0x7CFC, 1, "WYZPROPLAY47C_CPC_WINAPE_V42.ASM"],
	"PUNTERO_P_DECA": [0x7CFE, 3, "WYZPROPLAY47C_CPC_WINAPE_V42.ASM"],
	"PUNTERO_P_DECB": [0x7D00, 3, "WYZPROPLAY47C_CPC_WINAPE_V42.ASM"],
	"PUNTERO_P_DECC": [0x7D02, 3, "WYZPROPLAY47C_CPC_WINAPE_V42.ASM"],
	"PUNTERO_P_DECP": [0x7D1A, 3, "WYZPROPLAY47C_CPC_WINAPE_V42.ASM"],
	"PUNTERO_SONIDO": [0x7D2B, 4, "WYZPROPLAY47C_CPC_WINAPE_V42.ASM"],
	"R3D_2": [0x5F7E, 1, "8BITSDEPODER_V043_001.ASM"],
	"R3D_FIN": [0x5F8B, 1, "8BITSDEPODER_V043_001.ASM"],
	"R3D_MAX_SPRITE_DIR": [0x5F56, 4, "8BITSDEPODER_V043_001.ASM"],
	"R3D_MODE": [0x5F55, 5, "8BITSDEPODER_V043_001.ASM"],
	"R3D_MODES12": [0x5F7E, 1, "8BITSDEPODER_V043_001.ASM"],
	"REG_NOTA_A": [0x7D0A, 3, "WYZPROPLAY47C_CPC_WINAPE_V42.ASM"],
	"REG_NOTA_B": [0x7D0C, 1, "WYZPROPLAY47C_CPC_WINAPE_V42.ASM"],
	"REG_NOTA_C": [0x7D0E, 1, "WYZPROPLAY47C_CPC_WINAPE_V42.ASM"],
	"REPRODUCE_SONIDO": [0x77CE, 2, "WYZPROPLAY47C_CPC_WINAPE_V42.ASM"],
	"REPRODUCE_SONIDO_LIMPIA_BIT": [0x77E7, 2, "WYZPROPLAY47C_CPC_WINAPE_V42.ASM"],
	"REPRODUCE_SONIDO_O_EFECTO": [0x77ED, 2, "WYZPROPLAY47C_CPC_WINAPE_V42.ASM"],
	"ROUT": [0x7859, 3, "WYZPROPLAY47C_CPC_WINAPE_V42.ASM"],
	"ROUTE0": [0x834F, 2, "ROUTES_MYGAME.ASM"],
	"ROUTE1": [0x8350, 2, "ROUTES_MYGAME.ASM"],
	"ROUTE2": [0x8351, 2, "ROUTES_MYGAME.ASM"],
	"ROUTE_LIST": [0x8349, 2, "ROUTES_MYGAME.ASM"],
	"ROUTE_SP": [0x6374, 3, "8BITSDEPODER_V043_001.ASM"],
	"ROUTE_SP0": [0xF7D1, 1, "8BITSDEPODER_V043_001.ASM"],
	"ROUTE_SP1": [0xF7D3, 1, "8BITSDEPODER_V043_001.ASM"],
	"ROUTE_SP10": [0xF7E5, 1, "8BITSDEPODER_V043_001.ASM"],
	"ROUTE_SP11": [0xF7E7, 1, "8BITSDEPODER_V043_001.ASM"],
	"ROUTE_SP12": [0xF7E9, 1, "8BITSDEPODER_V043_001.ASM"],
	"ROUTE_SP13": [0xF7EB, 1, "8BITSDEPODER_V043_001.ASM"],
	"ROUTE_SP14": [0xF7ED, 1, "8BITSDEPODER_V043_001.ASM"],
	"ROUTE_SP15": [0xF7EF, 1, "8BITSDEPODER_V043_001.ASM"],
	"ROUTE_SP16": [0xFFD0, 1, "8BITSDEPODER_V043_001.ASM"],
	"ROUTE_SP17": [0xFFD2, 1, "8BITSDEPODER_V043_001.ASM"],
	"ROUTE_SP18": [0xFFD4, 1, "8BITSDEPODER_V043_001.ASM"],
	"ROUTE_SP19": [0xFFD6, 1, "8BITSDEPODER_V043_001.ASM"],
	"ROUTE_SP2": [0xF7D5, 1, "8BITSDEPODER_V043_001.ASM"],
	"ROUTE_SP20": [0xFFD8, 1, "8BITSDEPODER_V043_001.ASM"],
	"ROUTE_SP21": [0xFFDA, 1, "8BITSDEPODER_V043_001.ASM"],
	"ROUTE_SP22": [0xFFDC, 1, "8BITSDEPODER_V043_001.ASM"],
	"ROUTE_SP23": [0xFFDE, 1, "8BITSDEPODER_V043_001.ASM"],
	"ROUTE_SP24": [0xFFE0, 1, "8BITSDEPODER_V043_001.ASM"],
	"ROUTE_SP25": [0xFFE2, 1, "8BITSDEPODER_V043_001.ASM"],
	"ROUTE_SP26": [0xFFE4, 1, "8BITSDEPODER_V043_001.ASM"],
	"ROUTE_SP27": [0xFFE6, 1, "8BITSDEPODER_V043_001.ASM"],
	"ROUTE_SP28": [0xFFE8, 1, "8BITSDEPODER_V043_001.ASM"],
	"ROUTE_SP29": [0xFFEA, 1, "8BITSDEPODER_V043_001.ASM"],
	"ROUTE_SP3": [0xF7D7, 1, "8BITSDEPODER_V043_001.ASM"],
	"ROUTE_SP30": [0xFFEC, 1, "8BITSDEPODER_V043_001.ASM"],
	"ROUTE_SP31": [0xFFEE, 1, "8BITSDEPODER_V043_001.ASM"],
	"ROUTE_SP4": [0xF7D9, 1, "8BITSDEPODER_V043_001.ASM"],
	"ROUTE_SP5": [0xF7DB, 1, "8BITSDEPODER_V043_001.ASM"],
	"ROUTE_SP6": [0xF7DD, 1, "8BITSDEPODER_V043_001.ASM"],
	"ROUTE_SP7": [0xF7DF, 1, "8BITSDEPODER_V043_001.ASM"],
	"ROUTE_SP8": [0xF7E1, 1, "8BITSDEPODER_V043_001.ASM"],
	"ROUTE_SP9": [0xF7E3, 1, "8BITSDEPODER_V043_001.ASM"],
	"ROU_0A16": [0x6388, 2, "8BITSDEPODER_V043_001.ASM"],
	"ROU_BUCLE": [0x6325, 2, "8BITSDEPODER_V043_001.ASM"],
	"ROU_CICLA": [0x6443, 2, "8BITSDEPODER_V043_001.ASM"],
	"ROU_CONT": [0x6328, 1, "8BITSDEPODER_V043_001.ASM"],
	"ROU_DIR": [0xC7D3, 6, "8BITSDEPODER_V043_001.ASM"],
	"ROU_DIRSP": [0xEFE8, 12, "8BITSDEPODER_V043_001.ASM"],
	"ROU_FIN": [0x633B, 1, "8BITSDEPODER_V043_001.ASM"],
	"ROU_HL": [0xDFD0, 2, "8BITSDEPODER_V043_001.ASM"],
	"ROU_ID": [0xC7D1, 2, "8BITSDEPODER_V043_001.ASM"],
	"ROU_INIRUTA": [0x743E, 2, "8BITSDEPODER_V043_001.ASM"],
	"ROU_KK1": [0x641C, 3, "8BITSDEPODER_V043_001.ASM"],
	"ROU_KKK": [0x641D, 3, "8BITSDEPODER_V043_001.ASM"],
	"ROU_LEEPASO": [0x63C6, 2, "8BITSDEPODER_V043_001.ASM"],
	"ROU_MAS": [0x6378, 2, "8BITSDEPODER_V043_001.ASM"],
	"ROU_NO251": [0x63D7, 1, "8BITSDEPODER_V043_001.ASM"],
	"ROU_NO252": [0x6403, 2, "8BITSDEPODER_V043_001.ASM"],
	"ROU_NO253": [0x63EB, 2, "8BITSDEPODER_V043_001.ASM"],
	"ROU_NO253B": [0x6403, 1, "8BITSDEPODER_V043_001.ASM"],
	"ROU_NORMAL": [0x6422, 2, "8BITSDEPODER_V043_001.ASM"],
	"ROU_NUM_PASOS": [0xF7D0, 1, "8BITSDEPODER_V043_001.ASM"],
	"ROU_OFF": [0x640D, 1, "8BITSDEPODER_V043_001.ASM"],
	"ROU_SEG": [0xC7D2, 7, "8BITSDEPODER_V043_001.ASM"],
	"ROU_SIGSEG": [0x63B8, 2, "8BITSDEPODER_V043_001.ASM"],
	"ROU_SPID": [0xC7D0, 7, "8BITSDEPODER_V043_001.ASM"],
	"ROU_UPDATE": [0x6426, 1, "8BITSDEPODER_V043_001.ASM"],
	"ROU_V34": [0x7435, 2, "8BITSDEPODER_V043_001.ASM"],
	"RSX_NAMETB": [0x6BE7, 2, "8BITSDEPODER_V043_001.ASM"],
	"RSX_SPACE": [0x6BE3, 2, "8BITSDEPODER_V043_001.ASM"],
	"RSX_TABLE": [0x6B94, 2, "8BITSDEPODER_V043_001.ASM"],
	"RS_1": [0x6353, 2, "8BITSDEPODER_V043_001.ASM"],
	"RS_2": [0x6348, 2, "8BITSDEPODER_V043_001.ASM"],
	"RS_PASOS": [0xEFF8, 5, "8BITSDEPODER_V043_001.ASM"],
	"RS_ROUTE": [0x635C, 2, "8BITSDEPODER_V043_001.ASM"],
	"SAL_DIR": [0x6C7E, 3, "8BITSDEPODER_V043_001.ASM"],
	"SAL_DONE": [0x6C80, 3, "8BITSDEPODER_V043_001.ASM"],
	"SCS": [0x7173, 1, "8BITSDEPODER_V043_001.ASM"],
	"SCS_BUCLE": [0x71D0, 3, "8BITSDEPODER_V043_001.ASM"],
	"SCS_CHECK": [0xCFF3, 4, "8BITSDEPODER_V043_001.ASM"],
	"SCS_COUNTER": [0xCFF6, 5, "8BITSDEPODER_V043_001.ASM"],
	"SCS_FINWRITEX": [0x7250, 4, "8BITSDEPODER_V043_001.ASM"],
	"SCS_FINWRITEY": [0x7219, 4, "8BITSDEPODER_V043_001.ASM"],
	"SCS_INCX": [0xCFF5, 3, "8BITSDEPODER_V043_001.ASM"],
	"SCS_INCXNEG": [0x7224, 1, "8BITSDEPODER_V043_001.ASM"],
	"SCS_INCXPOS": [0x723D, 2, "8BITSDEPODER_V043_001.ASM"],
	"SCS_INCY": [0xCFF4, 3, "8BITSDEPODER_V043_001.ASM"],
	"SCS_INCYNEG": [0x71ED, 1, "8BITSDEPODER_V043_001.ASM"],
	"SCS_INCYPOS": [0x7206, 2, "8BITSDEPODER_V043_001.ASM"],
	"SCS_INITSTAR": [0x7172, 3, "8BITSDEPODER_V043_001.ASM"],
	"SCS_NOPINTA": [0x6D7C, 2, "8BITSDEPODER_V043_001.ASM"],
	"SCS_NUMBER": [0xCFF7, 4, "8BITSDEPODER_V043_001.ASM"],
	"SCS_PAINT": [0x6D5C, 3, "8BITSDEPODER_V043_001.ASM"],
	"SCS_PEN": [0xCFF2, 6, "8BITSDEPODER_V043_001.ASM"],
	"SCS_PINTA": [0x6D7B, 1, "8BITSDEPODER_V043_001.ASM"],
	"SCS_PINTAR": [0x7252, 1, "8BITSDEPODER_V043_001.ASM"],
	"SCS_SIGUE": [0x7180, 2, "8BITSDEPODER_V043_001.ASM"],
	"SCS_START": [0x71C6, 2, "8BITSDEPODER_V043_001.ASM"],
	"SCS_XCYCLE": [0x7236, 3, "8BITSDEPODER_V043_001.ASM"],
	"SCS_YCYCLE": [0x71FF, 3, "8BITSDEPODER_V043_001.ASM"],
	"SELECT_CANAL_A": [0x7CCD, 2, "WYZPROPLAY47C_CPC_WINAPE_V42.ASM"],
	"SELECT_CANAL_B": [0x7CD4, 2, "WYZPROPLAY47C_CPC_WINAPE_V42.ASM"],
	"SELECT_CANAL_C": [0x7CDB, 2, "WYZPROPLAY47C_CPC_WINAPE_V42.ASM"],
	"SELECT_CANAL_P": [0x7D20, 3, "WYZPROPLAY47C_CPC_WINAPE_V42.ASM"],
	"SEQUENCES": [0x8340, 1, "8BITSDEPODER_V043_001.ASM"],
	"SET15": [0x6FC3, 2, "8BITSDEPODER_V043_001.ASM"],
	"SET3PARAM": [0x6F96, 2, "8BITSDEPODER_V043_001.ASM"],
	"SET4PARAM": [0x6F82, 1, "8BITSDEPODER_V043_001.ASM"],
	"SET_0A16": [0x67DA, 2, "8BITSDEPODER_V043_001.ASM"],
	"SET_7": [0x6FB5, 2, "8BITSDEPODER_V043_001.ASM"],
	"SFX_H": [0x7D24, 1, "WYZPROPLAY47C_CPC_WINAPE_V42.ASM"],
	"SFX_L": [0x7D22, 1, "WYZPROPLAY47C_CPC_WINAPE_V42.ASM"],
	"SFX_MIX": [0x7D28, 1, "WYZPROPLAY47C_CPC_WINAPE_V42.ASM"],
	"SFX_V": [0x7D26, 1, "WYZPROPLAY47C_CPC_WINAPE_V42.ASM"],
	"SILENCIO_ENVOLVENTE": [0x7B51, 2, "WYZPROPLAY47C_CPC_WINAPE_V42.ASM"],
	"SI_RUIDO": [0x7842, 2, "WYZPROPLAY47C_CPC_WINAPE_V42.ASM"],
	"SONG": [0x7CE3, 3, "WYZPROPLAY47C_CPC_WINAPE_V42.ASM"],
	"SONG_0": [0x7E6F, 2, "MARCHA3.MUS.ASM"],
	"SONG_0_END": [0x7F4D, 1, "MARCHA3.MUS.ASM"],
	"SONG_1": [0x7F4D, 2, "MARCHA3.MUS.ASM"],
	"SONG_1_END": [0x7F4D, 1, "MARCHA3.MUS.ASM"],
	"SONG_2": [0x7F4D, 2, "MARCHA3.MUS.ASM"],
	"SONG_3": [0x7F4D, 2, "MARCHA3.MUS.ASM"],
	"SONG_4": [0x7F4D, 2, "MARCHA3.MUS.ASM"],
	"SONG_5": [0x7F4D, 1, "MARCHA3.MUS.ASM"],
	"SONG_6": [0x7F4D, 1, "MARCHA3.MUS.ASM"],
	"SONG_7": [0x7F4D, 1, "MARCHA3.MUS.ASM"],
	"SONIDO0": [0x7DD7, 2, "MARCHA3.MUS.ASM"],
	"SONIDO1": [0x7DDE, 2, "MARCHA3.MUS.ASM"],
	"SONIDO2": [0x7DE8, 2, "MARCHA3.MUS.ASM"],
	"SONIDO3": [0x7DEC, 2, "MARCHA3.MUS.ASM"],
	"SONIDO_REGS": [0x7D4F, 4, "WYZPROPLAY47C_CPC_WINAPE_V42.ASM"],
	"SOR_ANT": [0xFFF4, 12, "8BITSDEPODER_V043_001.ASM"],
	"SOR_BUCLE": [0x6694, 2, "8BITSDEPODER_V043_001.ASM"],
	"SOR_BUCLEY": [0x66D3, 2, "8BITSDEPODER_V043_001.ASM"],
	"SOR_BUFFER": [0xFFF8, 3, "8BITSDEPODER_V043_001.ASM"],
	"SOR_CERO": [0x6737, 2, "8BITSDEPODER_V043_001.ASM"],
	"SOR_COUNT": [0xFFF3, 5, "8BITSDEPODER_V043_001.ASM"],
	"SOR_DEFAULT": [0x6685, 2, "8BITSDEPODER_V043_001.ASM"],
	"SOR_DIRSTART": [0x603D, 5, "8BITSDEPODER_V043_001.ASM"],
	"SOR_END": [0x6793, 2, "8BITSDEPODER_V043_001.ASM"],
	"SOR_FALLO": [0x6706, 2, "8BITSDEPODER_V043_001.ASM"],
	"SOR_FINBUC": [0x66F8, 3, "8BITSDEPODER_V043_001.ASM"],
	"SOR_FIN_R": [0x6698, 1, "8BITSDEPODER_V043_001.ASM"],
	"SOR_INI": [0x6683, 5, "8BITSDEPODER_V043_001.ASM"],
	"SOR_NOCERO": [0x672C, 2, "8BITSDEPODER_V043_001.ASM"],
	"SOR_NOINI": [0x66D3, 1, "8BITSDEPODER_V043_001.ASM"],
	"SOR_ORDEN": [0x66CA, 2, "8BITSDEPODER_V043_001.ASM"],
	"SOR_RESET": [0x6696, 3, "8BITSDEPODER_V043_001.ASM"],
	"SOR_RET": [0x6704, 1, "8BITSDEPODER_V043_001.ASM"],
	"SOR_SIG": [0xFFF6, 7, "8BITSDEPODER_V043_001.ASM"],
	"SOR_YANT": [0xFFF1, 3, "8BITSDEPODER_V043_001.ASM"],
	"SP0": [0x6978, 6, "8BITSDEPODER_V043_001.ASM"],
	"SP0IMG": [0x6981, 1, "8BITSDEPODER_V043_001.ASM"],
	"SP0_FRAME": [0x6980, 3, "8BITSDEPODER_V043_001.ASM"],
	"SP0_SEQ": [0x697F, 3, "8BITSDEPODER_V043_001.ASM"],
	"SP1": [0x6988, 2, "8BITSDEPODER_V043_001.ASM"],
	"SPFT_MODE0": [0x60A7, 2, "8BITSDEPODER_V043_001.ASM"],
	"SPFT_MODE1": [0x60A1, 1, "8BITSDEPODER_V043_001.ASM"],
	"SPF_MODE0": [0x6095, 2, "8BITSDEPODER_V043_001.ASM"],
	"SPF_MODE1": [0x608F, 1, "8BITSDEPODER_V043_001.ASM"],
	"SPRITE0": [0x6978, 1, "SPRITES_TABLE_MYGAME.ASM"],
	"SPRITE_SIZE": [0x0010, 5, "8BITSDEPODER_V043_001.ASM"],
	"SPR_ADDR": [0xC7E7, 4, "8BITSDEPODER_V043_001.ASM"],
	"SPR_ALTO": [0xC7DF, 5, "8BITSDEPODER_V043_001.ASM"],
	"SPR_ALTOFINAL": [0xC7E1, 4, "8BITSDEPODER_V043_001.ASM"],
	"SPR_ALTORESTADO": [0xE7EB, 5, "8BITSDEPODER_V043_001.ASM"],
	"SPR_ANCHO": [0xC7DE, 7, "8BITSDEPODER_V043_001.ASM"],
	"SPR_ANCHOALTO": [0xC7DE, 2, "8BITSDEPODER_V043_001.ASM"],
	"SPR_ANCHOALTOFINAL": [0xC7E0, 15, "8BITSDEPODER_V043_001.ASM"],
	"SPR_ANCHOFINAL": [0xC7E0, 11, "8BITSDEPODER_V043_001.ASM"],
	"SPR_BG_MASK": [0x695E, 2, "8BITSDEPODER_V043_001.ASM"],
	"SPR_COORDX": [0xC7DC, 26, "8BITSDEPODER_V043_001.ASM"],
	"SPR_COORDX_NO3D": [0xE7E7, 5, "8BITSDEPODER_V043_001.ASM"],
	"SPR_COORDY": [0xC7DA, 27, "8BITSDEPODER_V043_001.ASM"],
	"SPR_COORDY_NO3D": [0xE7E9, 4, "8BITSDEPODER_V043_001.ASM"],
	"SPR_COORDY_NO3D_NOCLIPV": [0xE7EC, 2, "8BITSDEPODER_V043_001.ASM"],
	"SPR_DIFX": [0x6C89, 3, "8BITSDEPODER_V043_001.ASM"],
	"SPR_DIFX2": [0xEFF5, 1, "8BITSDEPODER_V043_001.ASM"],
	"SPR_DIFX3": [0x604F, 1, "8BITSDEPODER_V043_001.ASM"],
	"SPR_DIFY": [0x6C8A, 3, "8BITSDEPODER_V043_001.ASM"],
	"SPR_DIFY2": [0xEFF6, 1, "8BITSDEPODER_V043_001.ASM"],
	"SPR_DIFY3": [0x6050, 1, "8BITSDEPODER_V043_001.ASM"],
	"SPR_DIRPANT": [0xC7E4, 5, "8BITSDEPODER_V043_001.ASM"],
	"SPR_FLAG_DELETE": [0xD7DF, 3, "8BITSDEPODER_V043_001.ASM"],
	"SPR_ID": [0xC7D5, 2, "8BITSDEPODER_V043_001.ASM"],
	"SPR_IMAGE": [0xC7D6, 5, "8BITSDEPODER_V043_001.ASM"],
	"SPR_IMAGEFINAL": [0xC7E2, 13, "8BITSDEPODER_V043_001.ASM"],
	"SPR_IMAGE_DATA": [0xC7D8, 5, "8BITSDEPODER_V043_001.ASM"],
	"SPR_MAX_X": [0x6C83, 7, "8BITSDEPODER_V043_001.ASM"],
	"SPR_MAX_X2": [0xEFEF, 1, "8BITSDEPODER_V043_001.ASM"],
	"SPR_MAX_X3": [0x6049, 1, "8BITSDEPODER_V043_001.ASM"],
	"SPR_MAX_Y": [0x6C87, 6, "8BITSDEPODER_V043_001.ASM"],
	"SPR_MAX_Y2": [0xEFF3, 1, "8BITSDEPODER_V043_001.ASM"],
	"SPR_MAX_Y3": [0x604D, 1, "8BITSDEPODER_V043_001.ASM"],
	"SPR_MIN_X": [0x6C81, 8, "8BITSDEPODER_V043_001.ASM"],
	"SPR_MIN_X2": [0xEFED, 1, "8BITSDEPODER_V043_001.ASM"],
	"SPR_MIN_X3": [0x6047, 1, "8BITSDEPODER_V043_001.ASM"],
	"SPR_MIN_Y": [0x6C85, 6, "8BITSDEPODER_V043_001.ASM"],
	"SPR_MIN_Y2": [0xEFF1, 1, "8BITSDEPODER_V043_001.ASM"],
	"SPR_MIN_Y3": [0x604B, 1, "8BITSDEPODER_V043_001.ASM"],
	"SPR_SEGMENT": [0xE7EE, 4, "8BITSDEPODER_V043_001.ASM"],
	"SPR_STATUS": [0xC7E6, 7, "8BITSDEPODER_V043_001.ASM"],
	"SPR_X1": [0xE7DA, 3, "8BITSDEPODER_V043_001.ASM"],
	"SPR_Y1": [0xE7DC, 3, "8BITSDEPODER_V043_001.ASM"],
	"SPT_MODE0": [0x6083, 2, "8BITSDEPODER_V043_001.ASM"],
	"SPT_MODE1": [0x607D, 1, "8BITSDEPODER_V043_001.ASM"],
	"SP_FRAME_OFFSET": [0x0008, 2, "8BITSDEPODER_V043_001.ASM"],
	"SP_SEQ_OFFSET": [0x0007, 2, "8BITSDEPODER_V043_001.ASM"],
	"STARS0": [0xA62C, 2, "WYZPROPLAY47C_CPC_WINAPE_V42.ASM"],
	"STAR_COLOR": [0xCFF8, 4, "8BITSDEPODER_V043_001.ASM"],
	"TABLA_DATOS_CANAL_SFX": [0x7CC7, 3, "WYZPROPLAY47C_CPC_WINAPE_V42.ASM"],
	"TABLA_NOTAS": [0x7C66, 2, "WYZPROPLAY47C_CPC_WINAPE_V42.ASM"],
	"TABLA_PAUTAS": [0x7D64, 2, "MARCHA3.MUS.ASM"],
	"TABLA_SONG": [0x7792, 2, "PLAYER_LOADER_CPC_V42.ASM"],
	"TABLA_SONIDOS": [0x7D70, 2, "MARCHA3.MUS.ASM"],
	"TEMPO": [0x7CE4, 4, "WYZPROPLAY47C_CPC_WINAPE_V42.ASM"],
	"TOCAR": [0x6EB4, 1, "8BITSDEPODER_V043_001.ASM"],
	"TOCINO": [0x851B, 2, "ALPHABET_DEFAULT.ASM"],
	"TTEMPO": [0x7CE5, 3, "WYZPROPLAY47C_CPC_WINAPE_V42.ASM"],
	"UMA_BUC": [0x5FCF, 2, "8BITSDEPODER_V043_001.ASM"],
	"UMA_BUCNEXT": [0x601D, 5, "8BITSDEPODER_V043_001.ASM"],
	"UMA_DIRMAP_INI": [0xEFDD, 3, "8BITSDEPODER_V043_001.ASM"],
	"UMA_DIRMAP_PTR": [0xEFE0, 6, "8BITSDEPODER_V043_001.ASM"],
	"UMA_FIN": [0x6035, 2, "8BITSDEPODER_V043_001.ASM"],
	"UMA_ITEM_COUNT": [0xEFDF, 4, "8BITSDEPODER_V043_001.ASM"],
	"UMA_ITEM_X": [0xEFE4, 3, "8BITSDEPODER_V043_001.ASM"],
	"UMA_ITEM_Y": [0xEFE2, 3, "8BITSDEPODER_V043_001.ASM"],
	"UMA_MAP_PTR": [0xEFE6, 4, "8BITSDEPODER_V043_001.ASM"],
	"UMA_XFIN": [0xEFD7, 3, "8BITSDEPODER_V043_001.ASM"],
	"UMA_XINI": [0xEFD5, 3, "8BITSDEPODER_V043_001.ASM"],
	"UMA_YFIN": [0xEFDB, 3, "8BITSDEPODER_V043_001.ASM"],
	"UMA_YINI": [0xEFD9, 3, "8BITSDEPODER_V043_001.ASM"],
	"UNI": [0x74CD, 1, "8BITSDEPODER_V043_001.ASM"],
	"UPS_PTR": [0xC7FC, 3, "8BITSDEPODER_V043_001.ASM"],
	"VAR_COL": [0x744A, 4, "8BITSDEPODER_V043_001.ASM"],
	"VECES": [0x0020, 3, "8BITSDEPODER_V043_001.ASM"],
	"VOL_INST_A": [0x7D0B, 3, "WYZPROPLAY47C_CPC_WINAPE_V42.ASM"],
	"VOL_INST_B": [0x7D0D, 1, "WYZPROPLAY47C_CPC_WINAPE_V42.ASM"],
	"VOL_INST_C": [0x7D0F, 1, "WYZPROPLAY47C_CPC_WINAPE_V42.ASM"],
	"WRITEPSGHL": [0x788F, 3, "WYZPROPLAY47C_CPC_WINAPE_V42.ASM"],
	"WYZPLAYER_INIT": [0x779C, 1, "WYZPROPLAY47C_CPC_WINAPE_V42.ASM"],
	"XY3D_CENTER_PROJECTION": [0xE7E3, 1, "8BITSDEPODER_V043_001.ASM"],
	"XY3D_DERE": [0x5E9B, 2, "8BITSDEPODER_V043_001.ASM"],
	"XY3D_DIV": [0x5E57, 1, "8BITSDEPODER_V043_001.ASM"],
	"XY3D_DX1ZERO": [0x5E19, 1, "8BITSDEPODER_V043_001.ASM"],
	"XY3D_FIN": [0x5EA5, 2, "8BITSDEPODER_V043_001.ASM"],
	"XY3D_FIN2": [0x5EA8, 1, "8BITSDEPODER_V043_001.ASM"],
	"XY3D_IN_RANGE": [0x5E7D, 2, "8BITSDEPODER_V043_001.ASM"],
	"XY3D_OFFSETY": [0xE7E6, 3, "8BITSDEPODER_V043_001.ASM"],
	"XY3D_POS": [0x5E74, 2, "8BITSDEPODER_V043_001.ASM"],
	"XY3D_PREFIN": [0x5E8D, 2, "8BITSDEPODER_V043_001.ASM"],
	"XY3D_RATIOX": [0xE7E5, 3, "8BITSDEPODER_V043_001.ASM"],
	"XY3D_SIGNO": [0xE7E2, 4, "8BITSDEPODER_V043_001.ASM"],
	"XY3D_X": [0x5E4E, 3, "8BITSDEPODER_V043_001.ASM"],
	"XY3D_Y2": [0x5E3C, 2, "8BITSDEPODER_V043_001.ASM"],
	"XY3D_Y2FIN": [0x5E4B, 1, "8BITSDEPODER_V043_001.ASM"],
	"XY3D_Y3": [0x5E3C, 1, "8BITSDEPODER_V043_001.ASM"],
	"XYBUC": [0x5E87, 2, "8BITSDEPODER_V043_001.ASM"],
	"ZOM_FIN": [0x5EE9, 1, "8BITSDEPODER_V043_001.ASM"],
	"ZOM_GRANDE": [0x5EE0, 2, "8BITSDEPODER_V043_001.ASM"],
	"ZOM_MEDIO": [0x5EDB, 2, "8BITSDEPODER_V043_001.ASM"],
	"ZOM_MINI": [0x5ED6, 2, "8BITSDEPODER_V043_001.ASM"],
	"ZOM_SET": [0x5EE3, 3, "8BITSDEPODER_V043_001.ASM"],
	"_3D_CLIP_SCANLINE": [0x5EEA, 3, "8BITSDEPODER_V043_001.ASM"],
	"_3D_GET_ZOOM_IMAGE": [0x5EB8, 2, "8BITSDEPODER_V043_001.ASM"],
	"_3D_NO": [0x5F74, 2, "8BITSDEPODER_V043_001.ASM"],
	"_3D_PAINT_SEGMENT": [0x5C98, 2, "8BITSDEPODER_V043_001.ASM"],
	"_3D_PROYECTA_XY": [0x5E19, 3, "8BITSDEPODER_V043_001.ASM"],
	"_3D_RENDER3D": [0x5F58, 2, "8BITSDEPODER_V043_001.ASM"],
	"_3D_SI": [0x5F7E, 2, "8BITSDEPODER_V043_001.ASM"],
	"_ADD_HEIGHTS": [0x6DF6, 2, "8BITSDEPODER_V043_001.ASM"],
	"_AJUSTA_SEGMENTO": [0x5C30, 2, "8BITSDEPODER_V043_001.ASM"],
	"_ANIMA_ALL": [0x7407, 2, "8BITSDEPODER_V043_001.ASM"],
	"_ANIMA_SP": [0x6EC3, 2, "8BITSDEPODER_V043_001.ASM"],
	"_AT": [0x6D87, 1, "8BITSDEPODER_V043_001.ASM"],
	"_AUTO_ALL": [0x703E, 2, "8BITSDEPODER_V043_001.ASM"],
	"_AUTO_SPRITE": [0x6FF0, 2, "8BITSDEPODER_V043_001.ASM"],
	"_BEFORE_PLAYER": [0x7711, 1, "8BITSDEPODER_V043_001.ASM"],
	"_BEGIN_3D_SEGMENTS": [0x85E7, 2, "ALPHABET_DEFAULT.ASM"],
	"_BEGIN_3D_ZOOM_IMAGES": [0x85E5, 2, "ALPHABET_DEFAULT.ASM"],
	"_BEGIN_ALPHABET": [0x8354, 1, "IMAGES_MYGAME.ASM"],
	"_BEGIN_BG_IMAGES": [0x851B, 2, "ALPHABET_DEFAULT.ASM"],
	"_BEGIN_FLIP_IMAGES": [0x851B, 3, "ALPHABET_DEFAULT.ASM"],
	"_BEGIN_IMAGES": [0x851B, 1, "ALPHABET_DEFAULT.ASM"],
	"_CALL_COMBINADO": [0x7427, 1, "8BITSDEPODER_V043_001.ASM"],
	"_CHECK_IMAGE_LIST": [0x6FCC, 4, "8BITSDEPODER_V043_001.ASM"],
	"_COLISION_2_SPRITES": [0x706D, 1, "8BITSDEPODER_V043_001.ASM"],
	"_COLISION_LAYOUT": [0x74DB, 2, "8BITSDEPODER_V043_001.ASM"],
	"_COLISION_SPRITES": [0x70E1, 2, "8BITSDEPODER_V043_001.ASM"],
	"_COLSP": [0x70E1, 1, "8BITSDEPODER_V043_001.ASM"],
	"_COLSPALL": [0x72E8, 3, "8BITSDEPODER_V043_001.ASM"],
	"_COMPUTE_DIRPANT": [0x6E2D, 4, "8BITSDEPODER_V043_001.ASM"],
	"_DELSP": [0x6D5C, 1, "8BITSDEPODER_V043_001.ASM"],
	"_ENDXY": [0x5EB8, 1, "8BITSDEPODER_V043_001.ASM"],
	"_END_27000": [0x6961, 1, "8BITSDEPODER_V043_001.ASM"],
	"_END_27000_CONTINUE": [0x67E6, 1, "8BITSDEPODER_V043_001.ASM"],
	"_END_27000_PARTIAL": [0x67E5, 3, "8BITSDEPODER_V043_001.ASM"],
	"_END_30450": [0x76B7, 1, "8BITSDEPODER_V043_001.ASM"],
	"_END_3D_SEGMENTS": [0x85E8, 2, "ALPHABET_DEFAULT.ASM"],
	"_END_3D_ZOOM_IMAGES": [0x85E7, 2, "ALPHABET_DEFAULT.ASM"],
	"_END_AJS": [0x5C97, 1, "8BITSDEPODER_V043_001.ASM"],
	"_END_ALPHABET": [0x851B, 1, "ALPHABET_DEFAULT.ASM"],
	"_END_BG_IMAGES": [0x851B, 2, "ALPHABET_DEFAULT.ASM"],
	"_END_CODE": [0x7D55, 1, "WYZPROPLAY47C_CPC_WINAPE_V42.ASM"],
	"_END_CODE_3D": [0x5F8B, 1, "8BITSDEPODER_V043_001.ASM"],
	"_END_COLISION_LAYOUT": [0x75AF, 1, "8BITSDEPODER_V043_001.ASM"],
	"_END_FILL_SP_DATA": [0x76B4, 1, "8BITSDEPODER_V043_001.ASM"],
	"_END_FLIP_IMAGES": [0x851B, 3, "ALPHABET_DEFAULT.ASM"],
	"_END_GRAPH": [0x85E8, 1, "ALPHABET_DEFAULT.ASM"],
	"_END_IMAGES": [0x85E5, 1, "ALPHABET_DEFAULT.ASM"],
	"_END_MAP": [0xA43D, 1, "MAP_TABLE_MYGAME.ASM"],
	"_END_MAP2SP": [0x6923, 1, "8BITSDEPODER_V043_001.ASM"],
	"_END_MUSIC": [0x7F4D, 1, "MARCHA3.MUS.ASM"],
	"_END_PLAYERWYZ": [0x7D55, 1, "WYZPROPLAY47C_CPC_WINAPE_V42.ASM"],
	"_END_PNTS": [0x5E19, 1, "8BITSDEPODER_V043_001.ASM"],
	"_END_PRINTLAYOUT": [0x764E, 1, "8BITSDEPODER_V043_001.ASM"],
	"_END_UPDATE_MAP": [0x603D, 1, "8BITSDEPODER_V043_001.ASM"],
	"_FILL_SP_DATA": [0x764E, 5, "8BITSDEPODER_V043_001.ASM"],
	"_FREE_ZONE": [0x6923, 1, "8BITSDEPODER_V043_001.ASM"],
	"_GET_DIR_SP": [0x6DC4, 15, "8BITSDEPODER_V043_001.ASM"],
	"_GET_MODE": [0x6070, 3, "8BITSDEPODER_V043_001.ASM"],
	"_HIDDEN_SCREEN_SEGMENTS": [0x4000, 1, "8BITSDEPODER_V043_001.ASM"],
	"_INKBUC": [0x737A, 1, "8BITSDEPODER_V043_001.ASM"],
	"_INKBUC_N": [0x737F, 2, "8BITSDEPODER_V043_001.ASM"],
	"_INSTALL_INTERRUPT": [0x6E4F, 1, "8BITSDEPODER_V043_001.ASM"],
	"_INSTALL_RSX": [0x6B78, 1, "8BITSDEPODER_V043_001.ASM"],
	"_INSTALL_RSX2": [0x6B78, 1, "8BITSDEPODER_V043_001.ASM"],
	"_INSTALL_RSX_END": [0x6C7E, 1, "8BITSDEPODER_V043_001.ASM"],
	"_LOCATE_SPRITE": [0x6D80, 3, "8BITSDEPODER_V043_001.ASM"],
	"_MACROSEQ": [0x644D, 2, "8BITSDEPODER_V043_001.ASM"],
	"_MACRO_SEQUENCES": [0x8340, 2, "SEQUENCES_MYGAME.ASM"],
	"_MAP2SP": [0x67E6, 2, "8BITSDEPODER_V043_001.ASM"],
	"_MAP2SP_STATUS": [0x6886, 2, "8BITSDEPODER_V043_001.ASM"],
	"_MAP_TABLE": [0xA438, 7, "MAP_TABLE_MYGAME.ASM"],
	"_MOVER": [0x7275, 2, "8BITSDEPODER_V043_001.ASM"],
	"_MOVER_ALL": [0x73E1, 2, "8BITSDEPODER_V043_001.ASM"],
	"_MOV_I": [0x6FFB, 2, "8BITSDEPODER_V043_001.ASM"],
	"_MUL8BIT": [0x6D50, 7, "8BITSDEPODER_V043_001.ASM"],
	"_MUSIC_OFF": [0x74CD, 2, "8BITSDEPODER_V043_001.ASM"],
	"_MUSIC_ON": [0x6E4F, 2, "8BITSDEPODER_V043_001.ASM"],
	"_NOP": [0x6D5B, 1, "8BITSDEPODER_V043_001.ASM"],
	"_OPER_HEIGHTS": [0x6DFC, 3, "8BITSDEPODER_V043_001.ASM"],
	"_PAINT": [0x6C8B, 2, "8BITSDEPODER_V043_001.ASM"],
	"_PEEK": [0x6DA3, 2, "8BITSDEPODER_V043_001.ASM"],
	"_PLAYER_WYZ": [0x7711, 1, "8BITSDEPODER_V043_001.ASM"],
	"_POKE": [0x6DB4, 2, "8BITSDEPODER_V043_001.ASM"],
	"_PRINTAT": [0x6148, 2, "8BITSDEPODER_V043_001.ASM"],
	"_PRINTSP": [0x64A1, 1, "8BITSDEPODER_V043_001.ASM"],
	"_PRINTSPALL": [0x6200, 2, "8BITSDEPODER_V043_001.ASM"],
	"_PRINT_LAYOUT": [0x75AF, 2, "8BITSDEPODER_V043_001.ASM"],
	"_PRINT_SPRITE": [0x64A1, 2, "8BITSDEPODER_V043_001.ASM"],
	"_PRINT_SPRITES": [0x6200, 2, "8BITSDEPODER_V043_001.ASM"],
	"_PSP": [0x64A1, 2, "8BITSDEPODER_V043_001.ASM"],
	"_RENDER3D": [0x5F58, 1, "8BITSDEPODER_V043_001.ASM"],
	"_RESETRUTA": [0x67CD, 3, "8BITSDEPODER_V043_001.ASM"],
	"_RINK": [0x7367, 2, "8BITSDEPODER_V043_001.ASM"],
	"_ROUTEALL": [0x631A, 3, "8BITSDEPODER_V043_001.ASM"],
	"_ROUTE_SP": [0x633B, 2, "8BITSDEPODER_V043_001.ASM"],
	"_ROUTE_TABLE": [0xF7D1, 3, "8BITSDEPODER_V043_001.ASM"],
	"_ROUTE_TABLE_0A15": [0xF7D1, 1, "8BITSDEPODER_V043_001.ASM"],
	"_ROUTE_TABLE_16A31": [0xFFD0, 3, "8BITSDEPODER_V043_001.ASM"],
	"_SALTO_INT": [0x6DD0, 3, "8BITSDEPODER_V043_001.ASM"],
	"_SCREEN_0_BEGIN": [0xC7D0, 1, "8BITSDEPODER_V043_001.ASM"],
	"_SCREEN_0_END": [0xC7FF, 1, "8BITSDEPODER_V043_001.ASM"],
	"_SCREEN_1_BEGIN": [0xCFD0, 1, "8BITSDEPODER_V043_001.ASM"],
	"_SCREEN_1_END": [0xCFFF, 1, "8BITSDEPODER_V043_001.ASM"],
	"_SCREEN_2_BEGIN": [0xD7D0, 1, "8BITSDEPODER_V043_001.ASM"],
	"_SCREEN_2_END": [0xD7E0, 1, "8BITSDEPODER_V043_001.ASM"],
	"_SCREEN_3_BEGIN": [0xDFD0, 1, "8BITSDEPODER_V043_001.ASM"],
	"_SCREEN_3_END": [0xDFD8, 1, "8BITSDEPODER_V043_001.ASM"],
	"_SCREEN_4_BEGIN": [0xE7D0, 1, "8BITSDEPODER_V043_001.ASM"],
	"_SCREEN_4_END": [0xE7FE, 1, "8BITSDEPODER_V043_001.ASM"],
	"_SCREEN_5_BEGIN": [0xEFD0, 1, "8BITSDEPODER_V043_001.ASM"],
	"_SCREEN_5_END": [0xEFF9, 1, "8BITSDEPODER_V043_001.ASM"],
	"_SCREEN_6_BEGIN": [0xF7D0, 1, "8BITSDEPODER_V043_001.ASM"],
	"_SCREEN_6_END": [0xF7FB, 1, "8BITSDEPODER_V043_001.ASM"],
	"_SCREEN_7_BEGIN": [0xFFD0, 1, "8BITSDEPODER_V043_001.ASM"],
	"_SCREEN_7_END": [0xFFFA, 1, "8BITSDEPODER_V043_001.ASM"],
	"_SCREEN__END": [0xFFFA, 1, "8BITSDEPODER_V043_001.ASM"],
	"_SCROLL_STARS": [0x7173, 2, "8BITSDEPODER_V043_001.ASM"],
	"_SEQUENCES_LIST": [0x8340, 2, "SEQUENCES_MYGAME.ASM"],
	"_SETCOMMON": [0x606A, 2, "8BITSDEPODER_V043_001.ASM"],
	"_SETUP_SPRITE": [0x6F7E, 2, "8BITSDEPODER_V043_001.ASM"],
	"_SET_BACKUP_LIMITS": [0x6064, 2, "8BITSDEPODER_V043_001.ASM"],
	"_SET_DEFAULT_LIMITS": [0x6051, 2, "8BITSDEPODER_V043_001.ASM"],
	"_SET_FLAG_DEL": [0x692C, 2, "8BITSDEPODER_V043_001.ASM"],
	"_SET_HEIGHT": [0x74B4, 2, "8BITSDEPODER_V043_001.ASM"],
	"_SET_LIMITS": [0x6796, 2, "8BITSDEPODER_V043_001.ASM"],
	"_SET_PNT_DEL": [0x6933, 2, "8BITSDEPODER_V043_001.ASM"],
	"_SET_PNT_FLIPN": [0x6089, 2, "8BITSDEPODER_V043_001.ASM"],
	"_SET_PNT_FLIP_TRANSP": [0x609B, 2, "8BITSDEPODER_V043_001.ASM"],
	"_SET_PNT_TRANSP": [0x6077, 2, "8BITSDEPODER_V043_001.ASM"],
	"_SOR": [0x6685, 1, "8BITSDEPODER_V043_001.ASM"],
	"_SORTY": [0x6685, 2, "8BITSDEPODER_V043_001.ASM"],
	"_SOUND_BUF": [0xF7F1, 1, "8BITSDEPODER_V043_001.ASM"],
	"_SPRITES_DATA": [0x6978, 1, "8BITSDEPODER_V043_001.ASM"],
	"_SPRITE_HEIGHTS_TABLE": [0x76F1, 3, "8BITSDEPODER_V043_001.ASM"],
	"_SPR_SPRITES_TABLE": [0x6978, 9, "8BITSDEPODER_V043_001.ASM"],
	"_SUB_HEIGHTS": [0x6DEE, 2, "8BITSDEPODER_V043_001.ASM"],
	"_SYNC": [0xBD19, 2, "8BITSDEPODER_V043_001.ASM"],
	"_UMA": [0x5F8B, 1, "8BITSDEPODER_V043_001.ASM"],
	"_UNINSTALL_INTERRUPT": [0x74CD, 1, "8BITSDEPODER_V043_001.ASM"],
	"_UPDATE_MAP": [0x5F8B, 2, "8BITSDEPODER_V043_001.ASM"],
	"_UPDATE_SEGMENT": [0x639E, 3, "8BITSDEPODER_V043_001.ASM"],
	"_WYZVARS_END": [0x7D55, 1, "WYZPROPLAY47C_CPC_WINAPE_V42.ASM"],
	"_WYZVARS_INI": [0x7CE3, 1, "WYZPROPLAY47C_CPC_WINAPE_V42.ASM"],
	"_ZOOM_LIMIT_A": [0x85E5, 2, "ALPHABET_DEFAULT.ASM"],
	"_ZOOM_LIMIT_B": [0x85E6, 2, "ALPHABET_DEFAULT.ASM"],
	"__CACA": [0x6FF0, 1, "8BITSDEPODER_V043_001.ASM"],
	"__END_FREE_ZONE": [0x76B4, 1, "8BITSDEPODER_V043_001.ASM"],
	"__FREE_ZONE": [0x764E, 1, "8BITSDEPODER_V043_001.ASM"],
}
